
> kisanai@0.1.0 test:ci
> jest --ci --coverage --watchAll=false

FAIL src/__tests__/hooks/useSpeechRecognitionFixed.test.tsx
  ● useSpeechRecognition Hook › should initialize with default state

    expect(received).toBe(expected) // Object.is equality

    Expected: ""
    Received: null

    [0m [90m 42 |[39m     expect(result[33m.[39mcurrent[33m.[39misListening)[33m.[39mtoBe([36mfalse[39m)
     [90m 43 |[39m     expect(result[33m.[39mcurrent[33m.[39mtranscript)[33m.[39mtoBe([32m''[39m)
    [31m[1m>[22m[39m[90m 44 |[39m     expect(result[33m.[39mcurrent[33m.[39merror)[33m.[39mtoBe([32m''[39m)
     [90m    |[39m                                  [31m[1m^[22m[39m
     [90m 45 |[39m     expect(result[33m.[39mcurrent[33m.[39misSupported)[33m.[39mtoBe([36mtrue[39m)
     [90m 46 |[39m     expect([36mtypeof[39m result[33m.[39mcurrent[33m.[39mstartListening)[33m.[39mtoBe([32m'function'[39m)
     [90m 47 |[39m     expect([36mtypeof[39m result[33m.[39mcurrent[33m.[39mstopListening)[33m.[39mtoBe([32m'function'[39m)[0m

      at Object.toBe (src/__tests__/hooks/useSpeechRecognitionFixed.test.tsx:44:34)

  ● useSpeechRecognition Hook › should stop listening when stopListening is called

    expect(jest.fn()).toHaveBeenCalled()

    Expected number of calls: >= 1
    Received number of calls:    0

    [0m [90m 70 |[39m     })
     [90m 71 |[39m     
    [31m[1m>[22m[39m[90m 72 |[39m     expect(mockStop)[33m.[39mtoHaveBeenCalled()
     [90m    |[39m                      [31m[1m^[22m[39m
     [90m 73 |[39m   })
     [90m 74 |[39m
     [90m 75 |[39m   it([32m'should reset transcript'[39m[33m,[39m () [33m=>[39m {[0m

      at Object.toHaveBeenCalled (src/__tests__/hooks/useSpeechRecognitionFixed.test.tsx:72:22)

FAIL src/__tests__/hooks/useSpeechRecognition.test.tsx
  ● useSpeechRecognition Hook › should initialize with default state

    expect(received).toBe(expected) // Object.is equality

    Expected: ""
    Received: null

    [0m [90m 42 |[39m     expect(result[33m.[39mcurrent[33m.[39misListening)[33m.[39mtoBe([36mfalse[39m)
     [90m 43 |[39m     expect(result[33m.[39mcurrent[33m.[39mtranscript)[33m.[39mtoBe([32m''[39m)
    [31m[1m>[22m[39m[90m 44 |[39m     expect(result[33m.[39mcurrent[33m.[39merror)[33m.[39mtoBe([32m''[39m)
     [90m    |[39m                                  [31m[1m^[22m[39m
     [90m 45 |[39m     expect(result[33m.[39mcurrent[33m.[39misSupported)[33m.[39mtoBe([36mtrue[39m)
     [90m 46 |[39m     expect([36mtypeof[39m result[33m.[39mcurrent[33m.[39mstartListening)[33m.[39mtoBe([32m'function'[39m)
     [90m 47 |[39m     expect([36mtypeof[39m result[33m.[39mcurrent[33m.[39mstopListening)[33m.[39mtoBe([32m'function'[39m)[0m

      at Object.toBe (src/__tests__/hooks/useSpeechRecognition.test.tsx:44:34)

  ● useSpeechRecognition Hook › should stop listening when stopListening is called

    expect(jest.fn()).toHaveBeenCalled()

    Expected number of calls: >= 1
    Received number of calls:    0

    [0m [90m 70 |[39m     })
     [90m 71 |[39m     
    [31m[1m>[22m[39m[90m 72 |[39m     expect(mockStop)[33m.[39mtoHaveBeenCalled()
     [90m    |[39m                      [31m[1m^[22m[39m
     [90m 73 |[39m   })
     [90m 74 |[39m
     [90m 75 |[39m   it([32m'should reset transcript'[39m[33m,[39m () [33m=>[39m {[0m

      at Object.toHaveBeenCalled (src/__tests__/hooks/useSpeechRecognition.test.tsx:72:22)

FAIL src/__tests__/hooks/useSpeechSynthesis.test.tsx
  ● useSpeechSynthesis Hook › should speak text when speak function is called

    ReferenceError: SpeechSynthesisUtterance is not defined

    [0m [90m 58 |[39m       synthRef[33m.[39mcurrent[33m.[39mcancel()
     [90m 59 |[39m
    [31m[1m>[22m[39m[90m 60 |[39m       [36mconst[39m utterance [33m=[39m [36mnew[39m [33mSpeechSynthesisUtterance[39m(text)
     [90m    |[39m                         [31m[1m^[22m[39m
     [90m 61 |[39m       utterance[33m.[39mlang [33m=[39m lang
     [90m 62 |[39m       utterance[33m.[39mrate [33m=[39m rate
     [90m 63 |[39m       utterance[33m.[39mpitch [33m=[39m pitch[0m

      at Object.speak (src/hooks/useSpeechSynthesis.ts:60:25)
      at speak (src/__tests__/hooks/useSpeechSynthesis.test.tsx:41:22)
      at node_modules/@testing-library/react/dist/act-compat.js:48:24
      at process.env.NODE_ENV.exports.act (node_modules/react/cjs/react.development.js:789:22)
      at node_modules/@testing-library/react/dist/act-compat.js:47:25
      at Object.<anonymous> (src/__tests__/hooks/useSpeechSynthesis.test.tsx:40:8)

  ● useSpeechSynthesis Hook › should handle speech with custom options

    ReferenceError: SpeechSynthesisUtterance is not defined

    [0m [90m 58 |[39m       synthRef[33m.[39mcurrent[33m.[39mcancel()
     [90m 59 |[39m
    [31m[1m>[22m[39m[90m 60 |[39m       [36mconst[39m utterance [33m=[39m [36mnew[39m [33mSpeechSynthesisUtterance[39m(text)
     [90m    |[39m                         [31m[1m^[22m[39m
     [90m 61 |[39m       utterance[33m.[39mlang [33m=[39m lang
     [90m 62 |[39m       utterance[33m.[39mrate [33m=[39m rate
     [90m 63 |[39m       utterance[33m.[39mpitch [33m=[39m pitch[0m

      at Object.speak (src/hooks/useSpeechSynthesis.ts:60:25)
      at speak (src/__tests__/hooks/useSpeechSynthesis.test.tsx:66:22)
      at node_modules/@testing-library/react/dist/act-compat.js:48:24
      at process.env.NODE_ENV.exports.act (node_modules/react/cjs/react.development.js:789:22)
      at node_modules/@testing-library/react/dist/act-compat.js:47:25
      at Object.<anonymous> (src/__tests__/hooks/useSpeechSynthesis.test.tsx:65:8)

  ● useSpeechSynthesis Hook › should update speaking state correctly

    ReferenceError: SpeechSynthesisUtterance is not defined

    [0m [90m 58 |[39m       synthRef[33m.[39mcurrent[33m.[39mcancel()
     [90m 59 |[39m
    [31m[1m>[22m[39m[90m 60 |[39m       [36mconst[39m utterance [33m=[39m [36mnew[39m [33mSpeechSynthesisUtterance[39m(text)
     [90m    |[39m                         [31m[1m^[22m[39m
     [90m 61 |[39m       utterance[33m.[39mlang [33m=[39m lang
     [90m 62 |[39m       utterance[33m.[39mrate [33m=[39m rate
     [90m 63 |[39m       utterance[33m.[39mpitch [33m=[39m pitch[0m

      at Object.speak (src/hooks/useSpeechSynthesis.ts:60:25)
      at speak (src/__tests__/hooks/useSpeechSynthesis.test.tsx:76:22)
      at node_modules/@testing-library/react/dist/act-compat.js:48:24
      at process.env.NODE_ENV.exports.act (node_modules/react/cjs/react.development.js:789:22)
      at node_modules/@testing-library/react/dist/act-compat.js:47:25
      at Object.<anonymous> (src/__tests__/hooks/useSpeechSynthesis.test.tsx:75:8)

  ● useSpeechSynthesis Hook › should handle empty text input

    ReferenceError: SpeechSynthesisUtterance is not defined

    [0m [90m 58 |[39m       synthRef[33m.[39mcurrent[33m.[39mcancel()
     [90m 59 |[39m
    [31m[1m>[22m[39m[90m 60 |[39m       [36mconst[39m utterance [33m=[39m [36mnew[39m [33mSpeechSynthesisUtterance[39m(text)
     [90m    |[39m                         [31m[1m^[22m[39m
     [90m 61 |[39m       utterance[33m.[39mlang [33m=[39m lang
     [90m 62 |[39m       utterance[33m.[39mrate [33m=[39m rate
     [90m 63 |[39m       utterance[33m.[39mpitch [33m=[39m pitch[0m

      at Object.speak (src/hooks/useSpeechSynthesis.ts:60:25)
      at speak (src/__tests__/hooks/useSpeechSynthesis.test.tsx:87:22)
      at node_modules/@testing-library/react/dist/act-compat.js:48:24
      at process.env.NODE_ENV.exports.act (node_modules/react/cjs/react.development.js:789:22)
      at node_modules/@testing-library/react/dist/act-compat.js:47:25
      at Object.<anonymous> (src/__tests__/hooks/useSpeechSynthesis.test.tsx:86:8)

FAIL src/__tests__/components/HeroBanner.test.tsx
  ● HeroBanner Component › renders banner with initial slide

    Failed prop type: The prop `href` expects a `string` or `object` in `<Link>`, but got `undefined` instead.
    Open your browser's console to view the Component stack trace.

    [0m [90m 30 |[39m
     [90m 31 |[39m   it([32m'renders banner with initial slide'[39m[33m,[39m () [33m=>[39m {
    [31m[1m>[22m[39m[90m 32 |[39m     render([33m<[39m[33mHeroBanner[39m [33m/[39m[33m>[39m)
     [90m    |[39m           [31m[1m^[22m[39m
     [90m 33 |[39m     
     [90m 34 |[39m     expect(screen[33m.[39mgetByText([32m'प्रधानमंत्री किसान सम्मान निधि'[39m))[33m.[39mtoBeInTheDocument()
     [90m 35 |[39m     expect(screen[33m.[39mgetByText([32m'प्रत्यक्ष आय सहायता'[39m))[33m.[39mtoBeInTheDocument()[0m

      at createPropError (node_modules/next/src/client/link.tsx:335:16)
      at createPropError (node_modules/next/src/client/link.tsx:357:19)
          at Array.forEach (<anonymous>)
      at forEach (node_modules/next/src/client/link.tsx:351:21)
      at Object.react-stack-bottom-frame (node_modules/react-dom/cjs/react-dom-client.development.js:23863:20)
      at renderWithHooks (node_modules/react-dom/cjs/react-dom-client.development.js:5529:22)
      at updateForwardRef (node_modules/react-dom/cjs/react-dom-client.development.js:8645:19)
      at beginWork (node_modules/react-dom/cjs/react-dom-client.development.js:10861:18)
      at runWithFiberInDEV (node_modules/react-dom/cjs/react-dom-client.development.js:1522:13)
      at performUnitOfWork (node_modules/react-dom/cjs/react-dom-client.development.js:15140:22)
      at workLoopSync (node_modules/react-dom/cjs/react-dom-client.development.js:14956:41)
      at renderRootSync (node_modules/react-dom/cjs/react-dom-client.development.js:14936:11)
      at performWorkOnRoot (node_modules/react-dom/cjs/react-dom-client.development.js:14462:44)
      at performWorkOnRootViaSchedulerTask (node_modules/react-dom/cjs/react-dom-client.development.js:16216:7)
      at flushActQueue (node_modules/react/cjs/react.development.js:566:34)
      at process.env.NODE_ENV.exports.act (node_modules/react/cjs/react.development.js:859:10)
      at node_modules/@testing-library/react/dist/act-compat.js:47:25
      at renderRoot (node_modules/@testing-library/react/dist/pure.js:190:26)
      at render (node_modules/@testing-library/react/dist/pure.js:292:10)
      at Object.<anonymous> (src/__tests__/components/HeroBanner.test.tsx:32:11)

  ● HeroBanner Component › displays navigation arrows

    Failed prop type: The prop `href` expects a `string` or `object` in `<Link>`, but got `undefined` instead.
    Open your browser's console to view the Component stack trace.

    [0m [90m 37 |[39m
     [90m 38 |[39m   it([32m'displays navigation arrows'[39m[33m,[39m () [33m=>[39m {
    [31m[1m>[22m[39m[90m 39 |[39m     render([33m<[39m[33mHeroBanner[39m [33m/[39m[33m>[39m)
     [90m    |[39m           [31m[1m^[22m[39m
     [90m 40 |[39m     
     [90m 41 |[39m     [36mconst[39m prevButton [33m=[39m screen[33m.[39mgetByRole([32m'button'[39m[33m,[39m { name[33m:[39m [35m/previous/i[39m })
     [90m 42 |[39m     [36mconst[39m nextButton [33m=[39m screen[33m.[39mgetByRole([32m'button'[39m[33m,[39m { name[33m:[39m [35m/next/i[39m })[0m

      at createPropError (node_modules/next/src/client/link.tsx:335:16)
      at createPropError (node_modules/next/src/client/link.tsx:357:19)
          at Array.forEach (<anonymous>)
      at forEach (node_modules/next/src/client/link.tsx:351:21)
      at Object.react-stack-bottom-frame (node_modules/react-dom/cjs/react-dom-client.development.js:23863:20)
      at renderWithHooks (node_modules/react-dom/cjs/react-dom-client.development.js:5529:22)
      at updateForwardRef (node_modules/react-dom/cjs/react-dom-client.development.js:8645:19)
      at beginWork (node_modules/react-dom/cjs/react-dom-client.development.js:10861:18)
      at runWithFiberInDEV (node_modules/react-dom/cjs/react-dom-client.development.js:1522:13)
      at performUnitOfWork (node_modules/react-dom/cjs/react-dom-client.development.js:15140:22)
      at workLoopSync (node_modules/react-dom/cjs/react-dom-client.development.js:14956:41)
      at renderRootSync (node_modules/react-dom/cjs/react-dom-client.development.js:14936:11)
      at performWorkOnRoot (node_modules/react-dom/cjs/react-dom-client.development.js:14462:44)
      at performWorkOnRootViaSchedulerTask (node_modules/react-dom/cjs/react-dom-client.development.js:16216:7)
      at flushActQueue (node_modules/react/cjs/react.development.js:566:34)
      at process.env.NODE_ENV.exports.act (node_modules/react/cjs/react.development.js:859:10)
      at node_modules/@testing-library/react/dist/act-compat.js:47:25
      at renderRoot (node_modules/@testing-library/react/dist/pure.js:190:26)
      at render (node_modules/@testing-library/react/dist/pure.js:292:10)
      at Object.<anonymous> (src/__tests__/components/HeroBanner.test.tsx:39:11)

  ● HeroBanner Component › shows dot indicators for slides

    Failed prop type: The prop `href` expects a `string` or `object` in `<Link>`, but got `undefined` instead.
    Open your browser's console to view the Component stack trace.

    [0m [90m 47 |[39m
     [90m 48 |[39m   it([32m'shows dot indicators for slides'[39m[33m,[39m () [33m=>[39m {
    [31m[1m>[22m[39m[90m 49 |[39m     render([33m<[39m[33mHeroBanner[39m [33m/[39m[33m>[39m)
     [90m    |[39m           [31m[1m^[22m[39m
     [90m 50 |[39m     
     [90m 51 |[39m     [36mconst[39m dots [33m=[39m screen[33m.[39mgetAllByRole([32m'button'[39m)
     [90m 52 |[39m     [90m// Should have navigation arrows + dot indicators[39m[0m

      at createPropError (node_modules/next/src/client/link.tsx:335:16)
      at createPropError (node_modules/next/src/client/link.tsx:357:19)
          at Array.forEach (<anonymous>)
      at forEach (node_modules/next/src/client/link.tsx:351:21)
      at Object.react-stack-bottom-frame (node_modules/react-dom/cjs/react-dom-client.development.js:23863:20)
      at renderWithHooks (node_modules/react-dom/cjs/react-dom-client.development.js:5529:22)
      at updateForwardRef (node_modules/react-dom/cjs/react-dom-client.development.js:8645:19)
      at beginWork (node_modules/react-dom/cjs/react-dom-client.development.js:10861:18)
      at runWithFiberInDEV (node_modules/react-dom/cjs/react-dom-client.development.js:1522:13)
      at performUnitOfWork (node_modules/react-dom/cjs/react-dom-client.development.js:15140:22)
      at workLoopSync (node_modules/react-dom/cjs/react-dom-client.development.js:14956:41)
      at renderRootSync (node_modules/react-dom/cjs/react-dom-client.development.js:14936:11)
      at performWorkOnRoot (node_modules/react-dom/cjs/react-dom-client.development.js:14462:44)
      at performWorkOnRootViaSchedulerTask (node_modules/react-dom/cjs/react-dom-client.development.js:16216:7)
      at flushActQueue (node_modules/react/cjs/react.development.js:566:34)
      at process.env.NODE_ENV.exports.act (node_modules/react/cjs/react.development.js:859:10)
      at node_modules/@testing-library/react/dist/act-compat.js:47:25
      at renderRoot (node_modules/@testing-library/react/dist/pure.js:190:26)
      at render (node_modules/@testing-library/react/dist/pure.js:292:10)
      at Object.<anonymous> (src/__tests__/components/HeroBanner.test.tsx:49:11)

  ● HeroBanner Component › has proper contrast for text visibility

    Failed prop type: The prop `href` expects a `string` or `object` in `<Link>`, but got `undefined` instead.
    Open your browser's console to view the Component stack trace.

    [0m [90m 55 |[39m
     [90m 56 |[39m   it([32m'has proper contrast for text visibility'[39m[33m,[39m () [33m=>[39m {
    [31m[1m>[22m[39m[90m 57 |[39m     render([33m<[39m[33mHeroBanner[39m [33m/[39m[33m>[39m)
     [90m    |[39m           [31m[1m^[22m[39m
     [90m 58 |[39m     
     [90m 59 |[39m     [36mconst[39m heading [33m=[39m screen[33m.[39mgetByText([32m'प्रधानमंत्री किसान सम्मान निधि'[39m)
     [90m 60 |[39m     expect(heading)[33m.[39mtoHaveStyle({ color[33m:[39m [32m'#ffffff'[39m })[0m

      at createPropError (node_modules/next/src/client/link.tsx:335:16)
      at createPropError (node_modules/next/src/client/link.tsx:357:19)
          at Array.forEach (<anonymous>)
      at forEach (node_modules/next/src/client/link.tsx:351:21)
      at Object.react-stack-bottom-frame (node_modules/react-dom/cjs/react-dom-client.development.js:23863:20)
      at renderWithHooks (node_modules/react-dom/cjs/react-dom-client.development.js:5529:22)
      at updateForwardRef (node_modules/react-dom/cjs/react-dom-client.development.js:8645:19)
      at beginWork (node_modules/react-dom/cjs/react-dom-client.development.js:10861:18)
      at runWithFiberInDEV (node_modules/react-dom/cjs/react-dom-client.development.js:1522:13)
      at performUnitOfWork (node_modules/react-dom/cjs/react-dom-client.development.js:15140:22)
      at workLoopSync (node_modules/react-dom/cjs/react-dom-client.development.js:14956:41)
      at renderRootSync (node_modules/react-dom/cjs/react-dom-client.development.js:14936:11)
      at performWorkOnRoot (node_modules/react-dom/cjs/react-dom-client.development.js:14462:44)
      at performWorkOnRootViaSchedulerTask (node_modules/react-dom/cjs/react-dom-client.development.js:16216:7)
      at flushActQueue (node_modules/react/cjs/react.development.js:566:34)
      at process.env.NODE_ENV.exports.act (node_modules/react/cjs/react.development.js:859:10)
      at node_modules/@testing-library/react/dist/act-compat.js:47:25
      at renderRoot (node_modules/@testing-library/react/dist/pure.js:190:26)
      at render (node_modules/@testing-library/react/dist/pure.js:292:10)
      at Object.<anonymous> (src/__tests__/components/HeroBanner.test.tsx:57:11)

  ● HeroBanner Component › contains call-to-action buttons

    Failed prop type: The prop `href` expects a `string` or `object` in `<Link>`, but got `undefined` instead.
    Open your browser's console to view the Component stack trace.

    [0m [90m 62 |[39m
     [90m 63 |[39m   it([32m'contains call-to-action buttons'[39m[33m,[39m () [33m=>[39m {
    [31m[1m>[22m[39m[90m 64 |[39m     render([33m<[39m[33mHeroBanner[39m [33m/[39m[33m>[39m)
     [90m    |[39m           [31m[1m^[22m[39m
     [90m 65 |[39m     
     [90m 66 |[39m     expect(screen[33m.[39mgetByText([32m'और जानकारी पाएं'[39m))[33m.[39mtoBeInTheDocument()
     [90m 67 |[39m     expect(screen[33m.[39mgetByText([32m'आवाज सहायक का उपयोग करें'[39m))[33m.[39mtoBeInTheDocument()[0m

      at createPropError (node_modules/next/src/client/link.tsx:335:16)
      at createPropError (node_modules/next/src/client/link.tsx:357:19)
          at Array.forEach (<anonymous>)
      at forEach (node_modules/next/src/client/link.tsx:351:21)
      at Object.react-stack-bottom-frame (node_modules/react-dom/cjs/react-dom-client.development.js:23863:20)
      at renderWithHooks (node_modules/react-dom/cjs/react-dom-client.development.js:5529:22)
      at updateForwardRef (node_modules/react-dom/cjs/react-dom-client.development.js:8645:19)
      at beginWork (node_modules/react-dom/cjs/react-dom-client.development.js:10861:18)
      at runWithFiberInDEV (node_modules/react-dom/cjs/react-dom-client.development.js:1522:13)
      at performUnitOfWork (node_modules/react-dom/cjs/react-dom-client.development.js:15140:22)
      at workLoopSync (node_modules/react-dom/cjs/react-dom-client.development.js:14956:41)
      at renderRootSync (node_modules/react-dom/cjs/react-dom-client.development.js:14936:11)
      at performWorkOnRoot (node_modules/react-dom/cjs/react-dom-client.development.js:14462:44)
      at performWorkOnRootViaSchedulerTask (node_modules/react-dom/cjs/react-dom-client.development.js:16216:7)
      at flushActQueue (node_modules/react/cjs/react.development.js:566:34)
      at process.env.NODE_ENV.exports.act (node_modules/react/cjs/react.development.js:859:10)
      at node_modules/@testing-library/react/dist/act-compat.js:47:25
      at renderRoot (node_modules/@testing-library/react/dist/pure.js:190:26)
      at render (node_modules/@testing-library/react/dist/pure.js:292:10)
      at Object.<anonymous> (src/__tests__/components/HeroBanner.test.tsx:64:11)

FAIL src/__tests__/pages/Weather.test.tsx
  ● Weather Page › renders weather interface

    TestingLibraryElementError: Unable to find an element with the text: मौसम पूर्वानुमान. This could be because the text is broken up by multiple elements. In this case, you can provide a function for your text matcher to make your matcher more flexible.

    Ignored nodes: comments, script, style
    [36m<body>[39m
      [36m<div>[39m
        [36m<div[39m
          [33mclass[39m=[32m"min-h-screen bg-gradient-to-br from-blue-50 to-cyan-50 py-8"[39m
        [36m>[39m
          [36m<div[39m
            [33mclass[39m=[32m"max-w-6xl mx-auto px-6 sm:px-8"[39m
          [36m>[39m
            [36m<div[39m
              [33mclass[39m=[32m"text-center"[39m
            [36m>[39m
              [36m<div[39m
                [33mclass[39m=[32m"animate-spin rounded-full h-16 w-16 border-b-2 border-blue-600 mx-auto mb-4"[39m
              [36m/>[39m
              [36m<p[39m
                [33mclass[39m=[32m"text-xl text-slate-700 font-medium"[39m
              [36m>[39m
                [0mमौसम की जानकारी लोड हो रही है...[0m
              [36m</p>[39m
            [36m</div>[39m
          [36m</div>[39m
        [36m</div>[39m
      [36m</div>[39m
    [36m</body>[39m

    [0m [90m 36 |[39m     render([33m<[39m[33mWeather[39m [33m/[39m[33m>[39m)
     [90m 37 |[39m     
    [31m[1m>[22m[39m[90m 38 |[39m     expect(screen[33m.[39mgetByText([32m'मौसम पूर्वानुमान'[39m))[33m.[39mtoBeInTheDocument()
     [90m    |[39m                   [31m[1m^[22m[39m
     [90m 39 |[39m     expect(screen[33m.[39mgetByText([35m/सटीक मौसम जानकारी/[39m))[33m.[39mtoBeInTheDocument()
     [90m 40 |[39m   })
     [90m 41 |[39m[0m

      at Object.getElementError (node_modules/@testing-library/dom/dist/config.js:37:19)
      at node_modules/@testing-library/dom/dist/query-helpers.js:76:38
      at node_modules/@testing-library/dom/dist/query-helpers.js:52:17
      at node_modules/@testing-library/dom/dist/query-helpers.js:95:19
      at Object.getByText (src/__tests__/pages/Weather.test.tsx:38:19)

  ● Weather Page › displays location button

    TestingLibraryElementError: Unable to find an element with the text: अपना स्थान प्राप्त करें. This could be because the text is broken up by multiple elements. In this case, you can provide a function for your text matcher to make your matcher more flexible.

    Ignored nodes: comments, script, style
    [36m<body>[39m
      [36m<div>[39m
        [36m<div[39m
          [33mclass[39m=[32m"min-h-screen bg-gradient-to-br from-blue-50 to-cyan-50 py-8"[39m
        [36m>[39m
          [36m<div[39m
            [33mclass[39m=[32m"max-w-6xl mx-auto px-6 sm:px-8"[39m
          [36m>[39m
            [36m<div[39m
              [33mclass[39m=[32m"text-center"[39m
            [36m>[39m
              [36m<div[39m
                [33mclass[39m=[32m"animate-spin rounded-full h-16 w-16 border-b-2 border-blue-600 mx-auto mb-4"[39m
              [36m/>[39m
              [36m<p[39m
                [33mclass[39m=[32m"text-xl text-slate-700 font-medium"[39m
              [36m>[39m
                [0mमौसम की जानकारी लोड हो रही है...[0m
              [36m</p>[39m
            [36m</div>[39m
          [36m</div>[39m
        [36m</div>[39m
      [36m</div>[39m
    [36m</body>[39m

    [0m [90m 43 |[39m     render([33m<[39m[33mWeather[39m [33m/[39m[33m>[39m)
     [90m 44 |[39m     
    [31m[1m>[22m[39m[90m 45 |[39m     expect(screen[33m.[39mgetByText([32m'अपना स्थान प्राप्त करें'[39m))[33m.[39mtoBeInTheDocument()
     [90m    |[39m                   [31m[1m^[22m[39m
     [90m 46 |[39m   })
     [90m 47 |[39m
     [90m 48 |[39m   it([32m'handles location access'[39m[33m,[39m [36masync[39m () [33m=>[39m {[0m

      at Object.getElementError (node_modules/@testing-library/dom/dist/config.js:37:19)
      at node_modules/@testing-library/dom/dist/query-helpers.js:76:38
      at node_modules/@testing-library/dom/dist/query-helpers.js:52:17
      at node_modules/@testing-library/dom/dist/query-helpers.js:95:19
      at Object.getByText (src/__tests__/pages/Weather.test.tsx:45:19)

  ● Weather Page › handles location access

    TestingLibraryElementError: Unable to find an element with the text: अपना स्थान प्राप्त करें. This could be because the text is broken up by multiple elements. In this case, you can provide a function for your text matcher to make your matcher more flexible.

    Ignored nodes: comments, script, style
    [36m<body>[39m
      [36m<div>[39m
        [36m<div[39m
          [33mclass[39m=[32m"min-h-screen bg-gradient-to-br from-blue-50 to-cyan-50 py-8"[39m
        [36m>[39m
          [36m<div[39m
            [33mclass[39m=[32m"max-w-6xl mx-auto px-6 sm:px-8"[39m
          [36m>[39m
            [36m<div[39m
              [33mclass[39m=[32m"text-center"[39m
            [36m>[39m
              [36m<div[39m
                [33mclass[39m=[32m"animate-spin rounded-full h-16 w-16 border-b-2 border-blue-600 mx-auto mb-4"[39m
              [36m/>[39m
              [36m<p[39m
                [33mclass[39m=[32m"text-xl text-slate-700 font-medium"[39m
              [36m>[39m
                [0mमौसम की जानकारी लोड हो रही है...[0m
              [36m</p>[39m
            [36m</div>[39m
          [36m</div>[39m
        [36m</div>[39m
      [36m</div>[39m
    [36m</body>[39m

    [0m [90m 62 |[39m     render([33m<[39m[33mWeather[39m [33m/[39m[33m>[39m)
     [90m 63 |[39m     
    [31m[1m>[22m[39m[90m 64 |[39m     [36mconst[39m locationButton [33m=[39m screen[33m.[39mgetByText([32m'अपना स्थान प्राप्त करें'[39m)
     [90m    |[39m                                   [31m[1m^[22m[39m
     [90m 65 |[39m     fireEvent[33m.[39mclick(locationButton)
     [90m 66 |[39m
     [90m 67 |[39m     expect(mockGeolocation[33m.[39mgetCurrentPosition)[33m.[39mtoHaveBeenCalled()[0m

      at Object.getElementError (node_modules/@testing-library/dom/dist/config.js:37:19)
      at node_modules/@testing-library/dom/dist/query-helpers.js:76:38
      at node_modules/@testing-library/dom/dist/query-helpers.js:52:17
      at node_modules/@testing-library/dom/dist/query-helpers.js:95:19
      at Object.getByText (src/__tests__/pages/Weather.test.tsx:64:35)

  ● Weather Page › displays weather features

    TestingLibraryElementError: Unable to find an element with the text: मौसम सुविधाएं. This could be because the text is broken up by multiple elements. In this case, you can provide a function for your text matcher to make your matcher more flexible.

    Ignored nodes: comments, script, style
    [36m<body>[39m
      [36m<div>[39m
        [36m<div[39m
          [33mclass[39m=[32m"min-h-screen bg-gradient-to-br from-blue-50 to-cyan-50 py-8"[39m
        [36m>[39m
          [36m<div[39m
            [33mclass[39m=[32m"max-w-6xl mx-auto px-6 sm:px-8"[39m
          [36m>[39m
            [36m<div[39m
              [33mclass[39m=[32m"text-center"[39m
            [36m>[39m
              [36m<div[39m
                [33mclass[39m=[32m"animate-spin rounded-full h-16 w-16 border-b-2 border-blue-600 mx-auto mb-4"[39m
              [36m/>[39m
              [36m<p[39m
                [33mclass[39m=[32m"text-xl text-slate-700 font-medium"[39m
              [36m>[39m
                [0mमौसम की जानकारी लोड हो रही है...[0m
              [36m</p>[39m
            [36m</div>[39m
          [36m</div>[39m
        [36m</div>[39m
      [36m</div>[39m
    [36m</body>[39m

    [0m [90m 71 |[39m     render([33m<[39m[33mWeather[39m [33m/[39m[33m>[39m)
     [90m 72 |[39m     
    [31m[1m>[22m[39m[90m 73 |[39m     expect(screen[33m.[39mgetByText([32m'मौसम सुविधाएं'[39m))[33m.[39mtoBeInTheDocument()
     [90m    |[39m                   [31m[1m^[22m[39m
     [90m 74 |[39m     expect(screen[33m.[39mgetByText([35m/7-दिन का पूर्वानुमान/[39m))[33m.[39mtoBeInTheDocument()
     [90m 75 |[39m     expect(screen[33m.[39mgetByText([35m/फसल सलाह/[39m))[33m.[39mtoBeInTheDocument()
     [90m 76 |[39m     expect(screen[33m.[39mgetByText([35m/सिंचाई की सलाह/[39m))[33m.[39mtoBeInTheDocument()[0m

      at Object.getElementError (node_modules/@testing-library/dom/dist/config.js:37:19)
      at node_modules/@testing-library/dom/dist/query-helpers.js:76:38
      at node_modules/@testing-library/dom/dist/query-helpers.js:52:17
      at node_modules/@testing-library/dom/dist/query-helpers.js:95:19
      at Object.getByText (src/__tests__/pages/Weather.test.tsx:73:19)

  ● Weather Page › shows farming advisory section

    TestingLibraryElementError: Unable to find an element with the text: खेती सलाह. This could be because the text is broken up by multiple elements. In this case, you can provide a function for your text matcher to make your matcher more flexible.

    Ignored nodes: comments, script, style
    [36m<body>[39m
      [36m<div>[39m
        [36m<div[39m
          [33mclass[39m=[32m"min-h-screen bg-gradient-to-br from-blue-50 to-cyan-50 py-8"[39m
        [36m>[39m
          [36m<div[39m
            [33mclass[39m=[32m"max-w-6xl mx-auto px-6 sm:px-8"[39m
          [36m>[39m
            [36m<div[39m
              [33mclass[39m=[32m"text-center"[39m
            [36m>[39m
              [36m<div[39m
                [33mclass[39m=[32m"animate-spin rounded-full h-16 w-16 border-b-2 border-blue-600 mx-auto mb-4"[39m
              [36m/>[39m
              [36m<p[39m
                [33mclass[39m=[32m"text-xl text-slate-700 font-medium"[39m
              [36m>[39m
                [0mमौसम की जानकारी लोड हो रही है...[0m
              [36m</p>[39m
            [36m</div>[39m
          [36m</div>[39m
        [36m</div>[39m
      [36m</div>[39m
    [36m</body>[39m

    [0m [90m 80 |[39m     render([33m<[39m[33mWeather[39m [33m/[39m[33m>[39m)
     [90m 81 |[39m     
    [31m[1m>[22m[39m[90m 82 |[39m     expect(screen[33m.[39mgetByText([32m'खेती सलाह'[39m))[33m.[39mtoBeInTheDocument()
     [90m    |[39m                   [31m[1m^[22m[39m
     [90m 83 |[39m     expect(screen[33m.[39mgetByText([35m/मौसम के अनुसार/[39m))[33m.[39mtoBeInTheDocument()
     [90m 84 |[39m   })
     [90m 85 |[39m[0m

      at Object.getElementError (node_modules/@testing-library/dom/dist/config.js:37:19)
      at node_modules/@testing-library/dom/dist/query-helpers.js:76:38
      at node_modules/@testing-library/dom/dist/query-helpers.js:52:17
      at node_modules/@testing-library/dom/dist/query-helpers.js:95:19
      at Object.getByText (src/__tests__/pages/Weather.test.tsx:82:19)

  ● Weather Page › displays weather information cards

    TestingLibraryElementError: Unable to find an element with the text: तापमान. This could be because the text is broken up by multiple elements. In this case, you can provide a function for your text matcher to make your matcher more flexible.

    Ignored nodes: comments, script, style
    [36m<body>[39m
      [36m<div>[39m
        [36m<div[39m
          [33mclass[39m=[32m"min-h-screen bg-gradient-to-br from-blue-50 to-cyan-50 py-8"[39m
        [36m>[39m
          [36m<div[39m
            [33mclass[39m=[32m"max-w-6xl mx-auto px-6 sm:px-8"[39m
          [36m>[39m
            [36m<div[39m
              [33mclass[39m=[32m"text-center"[39m
            [36m>[39m
              [36m<div[39m
                [33mclass[39m=[32m"animate-spin rounded-full h-16 w-16 border-b-2 border-blue-600 mx-auto mb-4"[39m
              [36m/>[39m
              [36m<p[39m
                [33mclass[39m=[32m"text-xl text-slate-700 font-medium"[39m
              [36m>[39m
                [0mमौसम की जानकारी लोड हो रही है...[0m
              [36m</p>[39m
            [36m</div>[39m
          [36m</div>[39m
        [36m</div>[39m
      [36m</div>[39m
    [36m</body>[39m

    [0m [90m 87 |[39m     render([33m<[39m[33mWeather[39m [33m/[39m[33m>[39m)
     [90m 88 |[39m     
    [31m[1m>[22m[39m[90m 89 |[39m     expect(screen[33m.[39mgetByText([32m'तापमान'[39m))[33m.[39mtoBeInTheDocument()
     [90m    |[39m                   [31m[1m^[22m[39m
     [90m 90 |[39m     expect(screen[33m.[39mgetByText([32m'आर्द्रता'[39m))[33m.[39mtoBeInTheDocument()
     [90m 91 |[39m     expect(screen[33m.[39mgetByText([32m'हवा की गति'[39m))[33m.[39mtoBeInTheDocument()
     [90m 92 |[39m     expect(screen[33m.[39mgetByText([32m'बारिश'[39m))[33m.[39mtoBeInTheDocument()[0m

      at Object.getElementError (node_modules/@testing-library/dom/dist/config.js:37:19)
      at node_modules/@testing-library/dom/dist/query-helpers.js:76:38
      at node_modules/@testing-library/dom/dist/query-helpers.js:52:17
      at node_modules/@testing-library/dom/dist/query-helpers.js:95:19
      at Object.getByText (src/__tests__/pages/Weather.test.tsx:89:19)

  ● Weather Page › handles location error gracefully

    TestingLibraryElementError: Unable to find an element with the text: अपना स्थान प्राप्त करें. This could be because the text is broken up by multiple elements. In this case, you can provide a function for your text matcher to make your matcher more flexible.

    Ignored nodes: comments, script, style
    [36m<body>[39m
      [36m<div>[39m
        [36m<div[39m
          [33mclass[39m=[32m"min-h-screen bg-gradient-to-br from-blue-50 to-cyan-50 py-8"[39m
        [36m>[39m
          [36m<div[39m
            [33mclass[39m=[32m"max-w-6xl mx-auto px-6 sm:px-8"[39m
          [36m>[39m
            [36m<div[39m
              [33mclass[39m=[32m"text-center"[39m
            [36m>[39m
              [36m<div[39m
                [33mclass[39m=[32m"animate-spin rounded-full h-16 w-16 border-b-2 border-blue-600 mx-auto mb-4"[39m
              [36m/>[39m
              [36m<p[39m
                [33mclass[39m=[32m"text-xl text-slate-700 font-medium"[39m
              [36m>[39m
                [0mमौसम की जानकारी लोड हो रही है...[0m
              [36m</p>[39m
            [36m</div>[39m
          [36m</div>[39m
        [36m</div>[39m
      [36m</div>[39m
    [36m</body>[39m

    [0m [90m 104 |[39m     render([33m<[39m[33mWeather[39m [33m/[39m[33m>[39m)
     [90m 105 |[39m     
    [31m[1m>[22m[39m[90m 106 |[39m     [36mconst[39m locationButton [33m=[39m screen[33m.[39mgetByText([32m'अपना स्थान प्राप्त करें'[39m)
     [90m     |[39m                                   [31m[1m^[22m[39m
     [90m 107 |[39m     fireEvent[33m.[39mclick(locationButton)
     [90m 108 |[39m
     [90m 109 |[39m     expect(mockGeolocation[33m.[39mgetCurrentPosition)[33m.[39mtoHaveBeenCalled()[0m

      at Object.getElementError (node_modules/@testing-library/dom/dist/config.js:37:19)
      at node_modules/@testing-library/dom/dist/query-helpers.js:76:38
      at node_modules/@testing-library/dom/dist/query-helpers.js:52:17
      at node_modules/@testing-library/dom/dist/query-helpers.js:95:19
      at Object.getByText (src/__tests__/pages/Weather.test.tsx:106:35)

  ● Weather Page › displays manual location input option

    TestingLibraryElementError: Unable to find an element with the text: /शहर का नाम दर्ज करें/. This could be because the text is broken up by multiple elements. In this case, you can provide a function for your text matcher to make your matcher more flexible.

    Ignored nodes: comments, script, style
    [36m<body>[39m
      [36m<div>[39m
        [36m<div[39m
          [33mclass[39m=[32m"min-h-screen bg-gradient-to-br from-blue-50 to-cyan-50 py-8"[39m
        [36m>[39m
          [36m<div[39m
            [33mclass[39m=[32m"max-w-6xl mx-auto px-6 sm:px-8"[39m
          [36m>[39m
            [36m<div[39m
              [33mclass[39m=[32m"text-center"[39m
            [36m>[39m
              [36m<div[39m
                [33mclass[39m=[32m"animate-spin rounded-full h-16 w-16 border-b-2 border-blue-600 mx-auto mb-4"[39m
              [36m/>[39m
              [36m<p[39m
                [33mclass[39m=[32m"text-xl text-slate-700 font-medium"[39m
              [36m>[39m
                [0mमौसम की जानकारी लोड हो रही है...[0m
              [36m</p>[39m
            [36m</div>[39m
          [36m</div>[39m
        [36m</div>[39m
      [36m</div>[39m
    [36m</body>[39m

    [0m [90m 113 |[39m     render([33m<[39m[33mWeather[39m [33m/[39m[33m>[39m)
     [90m 114 |[39m     
    [31m[1m>[22m[39m[90m 115 |[39m     expect(screen[33m.[39mgetByText([35m/शहर का नाम दर्ज करें/[39m))[33m.[39mtoBeInTheDocument()
     [90m     |[39m                   [31m[1m^[22m[39m
     [90m 116 |[39m   })
     [90m 117 |[39m
     [90m 118 |[39m   it([32m'shows weather alerts section'[39m[33m,[39m () [33m=>[39m {[0m

      at Object.getElementError (node_modules/@testing-library/dom/dist/config.js:37:19)
      at node_modules/@testing-library/dom/dist/query-helpers.js:76:38
      at node_modules/@testing-library/dom/dist/query-helpers.js:52:17
      at node_modules/@testing-library/dom/dist/query-helpers.js:95:19
      at Object.getByText (src/__tests__/pages/Weather.test.tsx:115:19)

  ● Weather Page › shows weather alerts section

    TestingLibraryElementError: Unable to find an element with the text: मौसम चेतावनी. This could be because the text is broken up by multiple elements. In this case, you can provide a function for your text matcher to make your matcher more flexible.

    Ignored nodes: comments, script, style
    [36m<body>[39m
      [36m<div>[39m
        [36m<div[39m
          [33mclass[39m=[32m"min-h-screen bg-gradient-to-br from-blue-50 to-cyan-50 py-8"[39m
        [36m>[39m
          [36m<div[39m
            [33mclass[39m=[32m"max-w-6xl mx-auto px-6 sm:px-8"[39m
          [36m>[39m
            [36m<div[39m
              [33mclass[39m=[32m"text-center"[39m
            [36m>[39m
              [36m<div[39m
                [33mclass[39m=[32m"animate-spin rounded-full h-16 w-16 border-b-2 border-blue-600 mx-auto mb-4"[39m
              [36m/>[39m
              [36m<p[39m
                [33mclass[39m=[32m"text-xl text-slate-700 font-medium"[39m
              [36m>[39m
                [0mमौसम की जानकारी लोड हो रही है...[0m
              [36m</p>[39m
            [36m</div>[39m
          [36m</div>[39m
        [36m</div>[39m
      [36m</div>[39m
    [36m</body>[39m

    [0m [90m 119 |[39m     render([33m<[39m[33mWeather[39m [33m/[39m[33m>[39m)
     [90m 120 |[39m     
    [31m[1m>[22m[39m[90m 121 |[39m     expect(screen[33m.[39mgetByText([32m'मौसम चेतावनी'[39m))[33m.[39mtoBeInTheDocument()
     [90m     |[39m                   [31m[1m^[22m[39m
     [90m 122 |[39m     expect(screen[33m.[39mgetByText([35m/तत्काल अपडेट/[39m))[33m.[39mtoBeInTheDocument()
     [90m 123 |[39m   })
     [90m 124 |[39m[0m

      at Object.getElementError (node_modules/@testing-library/dom/dist/config.js:37:19)
      at node_modules/@testing-library/dom/dist/query-helpers.js:76:38
      at node_modules/@testing-library/dom/dist/query-helpers.js:52:17
      at node_modules/@testing-library/dom/dist/query-helpers.js:95:19
      at Object.getByText (src/__tests__/pages/Weather.test.tsx:121:19)

  ● Weather Page › displays farming tips based on weather

    TestingLibraryElementError: Unable to find an element with the text: /तापमान के अनुसार/. This could be because the text is broken up by multiple elements. In this case, you can provide a function for your text matcher to make your matcher more flexible.

    Ignored nodes: comments, script, style
    [36m<body>[39m
      [36m<div>[39m
        [36m<div[39m
          [33mclass[39m=[32m"min-h-screen bg-gradient-to-br from-blue-50 to-cyan-50 py-8"[39m
        [36m>[39m
          [36m<div[39m
            [33mclass[39m=[32m"max-w-6xl mx-auto px-6 sm:px-8"[39m
          [36m>[39m
            [36m<div[39m
              [33mclass[39m=[32m"text-center"[39m
            [36m>[39m
              [36m<div[39m
                [33mclass[39m=[32m"animate-spin rounded-full h-16 w-16 border-b-2 border-blue-600 mx-auto mb-4"[39m
              [36m/>[39m
              [36m<p[39m
                [33mclass[39m=[32m"text-xl text-slate-700 font-medium"[39m
              [36m>[39m
                [0mमौसम की जानकारी लोड हो रही है...[0m
              [36m</p>[39m
            [36m</div>[39m
          [36m</div>[39m
        [36m</div>[39m
      [36m</div>[39m
    [36m</body>[39m

    [0m [90m 127 |[39m     
     [90m 128 |[39m     [90m// Check for weather-based farming advice[39m
    [31m[1m>[22m[39m[90m 129 |[39m     expect(screen[33m.[39mgetByText([35m/तापमान के अनुसार/[39m))[33m.[39mtoBeInTheDocument()
     [90m     |[39m                   [31m[1m^[22m[39m
     [90m 130 |[39m     expect(screen[33m.[39mgetByText([35m/बारिश की संभावना/[39m))[33m.[39mtoBeInTheDocument()
     [90m 131 |[39m   })
     [90m 132 |[39m })[0m

      at Object.getElementError (node_modules/@testing-library/dom/dist/config.js:37:19)
      at node_modules/@testing-library/dom/dist/query-helpers.js:76:38
      at node_modules/@testing-library/dom/dist/query-helpers.js:52:17
      at node_modules/@testing-library/dom/dist/query-helpers.js:95:19
      at Object.getByText (src/__tests__/pages/Weather.test.tsx:129:19)

PASS src/__tests__/pages/VoiceAssistant.test.tsx
FAIL src/__tests__/components/Footer.test.tsx
  ● Footer Component › renders footer with contact information

    TestingLibraryElementError: Unable to find an element with the text: /कृषि सहायक/. This could be because the text is broken up by multiple elements. In this case, you can provide a function for your text matcher to make your matcher more flexible.

    Ignored nodes: comments, script, style
    [36m<body>[39m
      [36m<div>[39m
        [36m<footer[39m
          [33mclass[39m=[32m"bg-slate-900 text-white"[39m
        [36m>[39m
          [36m<div[39m
            [33mclass[39m=[32m"mx-auto max-w-7xl px-6 py-16 sm:py-20 lg:px-8"[39m
          [36m>[39m
            [36m<div[39m
              [33mclass[39m=[32m"xl:grid xl:grid-cols-3 xl:gap-8"[39m
            [36m>[39m
              [36m<div[39m
                [33mclass[39m=[32m"space-y-8"[39m
              [36m>[39m
                [36m<div[39m
                  [33mclass[39m=[32m"flex items-center space-x-2"[39m
                [36m>[39m
                  [36m<svg[39m
                    [33maria-hidden[39m=[32m"true"[39m
                    [33mclass[39m=[32m"lucide lucide-sprout h-8 w-8 text-green-400"[39m
                    [33mfill[39m=[32m"none"[39m
                    [33mheight[39m=[32m"24"[39m
                    [33mstroke[39m=[32m"currentColor"[39m
                    [33mstroke-linecap[39m=[32m"round"[39m
                    [33mstroke-linejoin[39m=[32m"round"[39m
                    [33mstroke-width[39m=[32m"2"[39m
                    [33mviewBox[39m=[32m"0 0 24 24"[39m
                    [33mwidth[39m=[32m"24"[39m
                    [33mxmlns[39m=[32m"http://www.w3.org/2000/svg"[39m
                  [36m>[39m
                    [36m<path[39m
                      [33md[39m=[32m"M14 9.536V7a4 4 0 0 1 4-4h1.5a.5.5 0 0 1 .5.5V5a4 4 0 0 1-4 4 4 4 0 0 0-4 4c0 2 1 3 1 5a5 5 0 0 1-1 3"[39m
                    [36m/>[39m
                    [36m<path[39m
                      [33md[39m=[32m"M4 9a5 5 0 0 1 8 4 5 5 0 0 1-8-4"[39m
                    [36m/>[39m
                    [36m<path[39m
                      [33md[39m=[32m"M5 21h14"[39m
                    [36m/>[39m
                  [36m</svg>[39m
                  [36m<span[39m
                    [33mclass[39m=[32m"text-2xl font-bold"[39m
                  [36m>[39m
                    [0mKisanAI[0m
                  [36m</span>[39m
                  [36m<span[39m
                    [33mclass[39m=[32m"text-sm text-green-300 font-medium"[39m
                  [36m>[39m
                    [0mकिसान AI[0m
                  [36m</span>[39m
                [36m</div>[39m
                [36m<p[39m
                  [33mclass[39m=[32m"text-sm leading-6 text-slate-300 font-medium"[39m
                [36m>[39m
                  [0mभारतीय किसानों के लिए AI-आधारित डिजिटल सहायक। खेती, मौसम, बाजार की जानकारी और सरकारी योजनाओं का लाभ उठाएं।[0m
                [36m</p>[39m
                [36m<div[39m
                  [33mclass[39m=[32m"space-y-2"[39m
                [36m>[39m
                  [36m<div[39m
                    [33mclass[39m=[32m"flex items-center space-x-2 text-sm text-slate-300"[39m
                  [36m>[39m
                    [36m<svg[39m
                      [33maria-hidden[39m=[32m"true"[39m
                      [33mclass[39m=[32m"lucide lucide-phone h-4 w-4"[39m
                      [33mfill[39m=[32m"none"[39m
                      [33mheight[39m=[32m"24"[39m
                      [33mstroke[39m=[32m"currentColor"[39m
                      [33mstroke-linecap[39m=[32m"round"[39m
                      [33mstroke-linejoin[39m=[32m"round"[39m
                      [33mstroke-width[39m=[32m"2"[39m
                      [33mviewBox[39m=[32m"0 0 24 24"[39m
                      [33mwidth[39m=[32m"24"[39m
                      [33mxmlns[39m=[32m"http://www.w3.org/2000/svg"[39m
                    [36m>[39m
                      [36m<path[39m
                        [33md[39m=[32m"M13.832 16.568a1 1 0 0 0 1.213-.303l.355-.465A2 2 0 0 1 17 15h3a2 2 0 0 1 2 2v3a2 2 0 0 1-2 2A18 18 0 0 1 2 4a2 2 0 0 1 2-2h3a2 2 0 0 1 2 2v3a2 2 0 0 1-.8 1.6l-.468.351a1 1 0 0 0-.292 1.233 14 14 0 0 0 6.392 6.384"[39m
                      [36m/>[39m
                    [36m</svg>[39m
                    [36m<span>[39m
                      [0mहेल्पलाइन: 1800-XXX-XXXX[0m
                    [36m</span>[39m
                  [36m</div>[39m
                  [36m<div[39m
                    [33mclass[39m=[32m"flex items-center space-x-2 text-sm text-slate-300"[39m
                  [36m>[39m
                    [36m<svg[39m
                      [33maria-hidden[39m=[32m"true"[39m
                      [33mclass[39m=[32m"lucide lucide-mail h-4 w-4"[39m
                      [33mfill[39m=[32m"none"[39m
                      [33mheight[39m=[32m"24"[39m
                      [33mstroke[39m=[32m"currentColor"[39m
                      [33mstroke-linecap[39m=[32m"round"[39m
                      [33mstroke-linejoin[39m=[32m"round"[39m
                      [33mstroke-width[39m=[32m"2"[39m
                      [33mviewBox[39m=[32m"0 0 24 24"[39m
                      [33mwidth[39m=[32m"24"[39m
                      [33mxmlns[39m=[32m"http://www.w3.org/2000/svg"[39m
                    [36m>[39m
                      [36m<path[39m
                        [33md[39m=[32m"m22 7-8.991 5.727a2 2 0 0 1-2.009 0L2 7"[39m
                      [36m/>[39m
                      [36m<rect[39m
                        [33mheight[39m=[32m"16"[39m
                        [33mrx[39m=[32m"2"[39m
                        [33mwidth[39m=[32m"20"[39m
                        [33mx[39m=[32m"2"[39m
                        [33my[39m=[32m"4"[39m
                      [36m/>[39m
                    [36m</svg>[39m
                    [36m<span>[39m
                      [0msupport@kisanai.gov.in[0m
                    [36m</span>[39m
                  [36m</div>[39m
                  [36m<div[39m
                    [33mclass[39m=[32m"flex items-center space-x-2 text-sm text-slate-300"[39m
                  [36m>[39m
                    [36m<svg[39m
                      [33maria-hidden[39m=[32m"true"[39m
                      [33mclass[39m=[32m"lucide lucide-map-pin h-4 w-4"[39m
                      [33mfill[39m=[32m"none"[39m
                      [33mheight[39m=[32m"24"[39m
                      [33mstroke[39m=[32m"currentColor"[39m
                      [33mstroke-linecap[39m=[32m"round"[39m
                      [33mstroke-linejoin[39m=[32m"round"[39m
                      [33mstroke-width[39m=[32m"2"[39m
                      [33mviewBox[39m=[32m"0 0 24 24"[39m
                      [33mwidth[39m=[32m"24"[39m
                      [33mxmlns[39m=[32m"http://www.w3.org/2000/svg"[39m
                    [36m>[39m
                      [36m<path[39m
                        [33md[39m=[32m"M20 10c0 4.993-5.539 10.193-7.399 11.799a1 1 0 0 1-1.202 0C9.539 20.193 4 14.993 4 10a8 8 0 0 1 16 0"[39m
                      [36m/>[39m
                      [36m<circle[39m
                        [33mcx[39m=[32m"12"[39m
                        [33mcy[39m=[32m"10"[39m
                        [33mr[39m=[32m"3"[39m
                      [36m/>[39m
                    [36m</svg>[39m
                    [36m<span>[39m
                      [0mनई दिल्ली, भारत[0m
                    [36m</span>[39m
                  [36m</div>[39m
                [36m</div>[39m
              [36m</div>[39m
              [36m<div[39m
                [33mclass[39m=[32m"mt-16 grid grid-cols-2 gap-8 xl:col-span-2 xl:mt-0"[39m
              [36m>[39m
                [36m<div[39m
                  [33mclass[39m=[32m"md:grid md:grid-cols-2 md:gap-8"[39m
                [36m>[39m
                  [36m<div>[39m
                    [36m<h3[39m
                      [33mclass[39m=[32m"text-sm font-semibold leading-6 text-white"[39m
                    [36m>[39m
                      [0mमुख्य सुविधाएं[0m
                    [36m</h3>[39m
                    [36m<ul[39m
                      [33mclass[39m=[32m"mt-6 space-y-4"[39m
                      [33mrole[39m=[32m"list"[39m
                    [36m>[39m
                      [36m<li>[39m
                        [36m<a[39m
                          [33mclass[39m=[32m"text-sm leading-6 text-slate-300 hover:text-white transition-colors duration-200 font-medium"[39m
                          [33mhref[39m=[32m"/"[39m
                        [36m>[39m
                          [0mहोम[0m
                        [36m</a>[39m
                      [36m</li>[39m
                      [36m<li>[39m
                        [36m<a[39m
                          [33mclass[39m=[32m"text-sm leading-6 text-slate-300 hover:text-white transition-colors duration-200 font-medium"[39m
                          [33mhref[39m=[32m"/voice-assistant"[39m
                        [36m>[39m
                          [0mआवाज सहायक[0m
                        [36m</a>[39m
                      [36m</li>[39m
                      [36m<li>[39m
                        [36m<a[39m
                          [33mclass[39m=[32m"text-sm leading-6 text-slate-300 hover:text-white transition-colors duration-200 font-medium"[39m
                          [33mhref[39m=[32m"/crop-analysis"[39m
                        [36m>[39m
                          [0mफसल विश्लेषण[0m
                        [36m</a>[39m
                      [36m</li>[39m
                      [36m<li>[39m
                        [36m<a[39m
                          [33mclass[39m=[32m"text-sm leading-6 text-slate-300 hover:text-white transition-colors duration-200 font-medium"[39m
                          [33mhref[39m=[32m"/weather"[39m
                        [36m>[39m
                          [0mमौसम[0m
                        [36m</a>[39m
                      [36m</li>[39m
                      [36m<li>[39m
                        [36m<a[39m
                          [33mclass[39m=[32m"text-sm leading-6 text-slate-300 hover:text-white transition-colors duration-200 font-medium"[39m
                          [33mhref[39m=[32m"/market-prices"[39m
                        [36m>[39m
                          [0mबाजार भाव[0m
                        [36m</a>[39m
                      [36m</li>[39m
                      [36m<li>[39m
                        [36m<a[39m
                          [33mclass[39m=[32m"text-sm leading-6 text-slate-300 hover:text-white transition-colors duration-200 font-medium"[39m
                          [33mhref[39m=[32m"/schemes"[39m
                        [36m>[39m
                          [0mसरकारी योजनाएं[0m
                        [36m</a>[39m
                      [36m</li>[39m
                    [36m</ul>[39m
                  [36m</div>[39m
                  [36m<div[39m
                    [33mclass[39m=[32m"mt-10 md:mt-0"[39m
                  [36m>[39m
                    [36m<h3[39m
                      [33mclass[39m=[32m"text-sm font-semibold leading-6 text-white"[39m
                    [36m>[39m
                      [0mसहायता[0m
                    [36m</h3>[39m
                    [36m<ul[39m
                      [33mclass[39m=[32m"mt-6 space-y-4"[39m
                      [33mrole[39m=[32m"list"[39m
                    [36m>[39m
                      [36m<li>[39m
                        [36m<a[39m
                          [33mclass[39m=[32m"text-sm leading-6 text-slate-300 hover:text-white transition-colors duration-200 font-medium"[39m
                          [33mhref[39m=[32m"/help"[39m
                        [36m>[39m
                          [0mहेल्प सेंटर[0m
                        [36m</a>[39m
                      [36m</li>[39m
                      [36m<li>[39m
                        [36m<a[39m
                          [33mclass[39m=[32m"text-sm leading-6 text-slate-300 hover:text-white transition-colors duration-200 font-medium"[39m
                          [33mhref[39m=[32m"/contact"[39m
                        [36m>[39m
                          [0mसंपर्क करें[0m
                        [36m</a>[39m
                      [36m</li>[39m
                      [36m<li>[39m
                        [36m<a[39m
                          [33mclass[39m=[32m"text-sm leading-6 text-slate-300 hover:text-white transition-colors duration-200 font-medium"[39m
                          [33mhref[39m=[32m"/privacy"[39m
                        [36m>[39m
                          [0mप्राइवेसी पॉलिसी[0m
                        [36m</a>[39m
                      [36m</li>[39m
                      [36m<li>[39m
                        [36m<a[39m
                          [33mclass[39m=[32m"text-sm leading-6 text-slate-300 hover:text-white transition-colors duration-200 font-medium"[39m
                          [33mhref[39m=[32m"/terms"[39m
                        [36m>[39m
                          [0mनियम व शर्तें[0m
                        [36m</a>[39m
                      [36m</li>[39m
                    [36m</ul>[39m
                  [36m</div>[39m
                [36m</div>[39m
                [36m<div[39m
                  [33mclass[39m=[32m"md:grid md:grid-cols-1 md:gap-8"[39m
                [36m>[39m
                  [36m<div>[39m
                    [36m<h3[39m
                      [33mclass[39m=[32m"text-sm font-semibold leading-6 text-white"[39m
                    [36m>[39m
                      [0mसरकारी योजनाएं[0m
                    [36m</h3>[39m
                    [36m<ul[39m
                      [33mclass[39m=[32m"mt-6 space-y-4"[39m
                      [33mrole[39m=[32m"list"[39m
                    [36m>[39m
                      [36m<li>[39m
                        [36m<a[39m
                          [33mclass[39m=[32m"text-sm leading-6 text-slate-300 hover:text-white transition-colors duration-200 font-medium"[39m
                          [33mhref[39m=[32m"/schemes/pm-kisan"[39m
                        [36m>[39m
                          [0mPM-KISAN[0m
                        [36m</a>[39m
                      [36m</li>[39m
                      [36m<li>[39m
                        [36m<a[39m
                          [33mclass[39m=[32m"text-sm leading-6 text-slate-300 hover:text-white transition-colors duration-200 font-medium"[39m
                          [33mhref[39m=[32m"/schemes/soil-health"[39m
                        [36m>[39m
                          [0mSoil Health Card[0m
                        [36m</a>[39m
                      [36m</li>[39m
                      [36m<li>[39m
                        [36m<a[39m
                          [33mclass[39m=[32m"text-sm leading-6 text-slate-300 hover:text-white transition-colors duration-200 font-medium"[39m
                          [33mhref[39m=[32m"/kcc-application"[39m
                        [36m>[39m
                          [0mKisan Credit Card[0m
                        [36m</a>[39m
                      [36m</li>[39m
                      [36m<li>[39m
                        [36m<a[39m
                          [33mclass[39m=[32m"text-sm leading-6 text-slate-300 hover:text-white transition-colors duration-200 font-medium"[39m
                          [33mhref[39m=[32m"/schemes/fasal-bima"[39m
                        [36m>[39m
                          [0mFasal Bima Yojana[0m
                        [36m</a>[39m
                      [36m</li>[39m
                    [36m</ul>[39m
                  [36m</div>[39m
                [36m</div>[39m
              [36m</div>[39m
            [36m</div>[39m
            [36m<div[39m
              [33mclass[39m=[32m"mt-16 border-t border-slate-700 pt-8 sm:mt-20 lg:mt-24"[39m
            [36m>[39m
              [36m<div[39m
                [33mclass[39m=[32m"flex flex-col sm:flex-row sm:items-center sm:justify-between"[39m
              [36m>[39m
                [36m<p[39m
                  [33mclass[39m=[32m"text-xs leading-5 text-slate-400 font-medium"[39m
                [36m>[39m
                  [0m© 2025 KisanAI. सभी अधिकार सुरक्षित। डिजिटल इंडिया पहल का हिस्सा।[0m
                [36m</p>[39m
                [36m<div[39m
                  [33mclass[39m=[32m"mt-4 sm:mt-0"[39m
                [36m>[39m
                  [36m<p[39m
                    [33mclass[39m=[32m"text-xs leading-5 text-slate-400 font-medium"[39m
                  [36m>[39m
                    [0mभारत सरकार के सहयोग से विकसित[0m
                  [36m</p>[39m
                [36m</div>[39m
              [36m</div>[39m
            [36m</div>[39m
          [36m</div>[39m
        [36m</footer>[39m
      [36m</div>[39m
    [36m</body>[39m

    [0m [90m  9 |[39m     [90m// Check main footer content[39m
     [90m 10 |[39m     expect(screen[33m.[39mgetByText([32m'KisanAI'[39m))[33m.[39mtoBeInTheDocument()
    [31m[1m>[22m[39m[90m 11 |[39m     expect(screen[33m.[39mgetByText([35m/कृषि सहायक/[39m))[33m.[39mtoBeInTheDocument()
     [90m    |[39m                   [31m[1m^[22m[39m
     [90m 12 |[39m   })
     [90m 13 |[39m
     [90m 14 |[39m   it([32m'contains links to important pages'[39m[33m,[39m () [33m=>[39m {[0m

      at Object.getElementError (node_modules/@testing-library/dom/dist/config.js:37:19)
      at node_modules/@testing-library/dom/dist/query-helpers.js:76:38
      at node_modules/@testing-library/dom/dist/query-helpers.js:52:17
      at node_modules/@testing-library/dom/dist/query-helpers.js:95:19
      at Object.getByText (src/__tests__/components/Footer.test.tsx:11:19)

  ● Footer Component › displays copyright information

    TestingLibraryElementError: Unable to find an element with the text: /2026/. This could be because the text is broken up by multiple elements. In this case, you can provide a function for your text matcher to make your matcher more flexible.

    Ignored nodes: comments, script, style
    [36m<body>[39m
      [36m<div>[39m
        [36m<footer[39m
          [33mclass[39m=[32m"bg-slate-900 text-white"[39m
        [36m>[39m
          [36m<div[39m
            [33mclass[39m=[32m"mx-auto max-w-7xl px-6 py-16 sm:py-20 lg:px-8"[39m
          [36m>[39m
            [36m<div[39m
              [33mclass[39m=[32m"xl:grid xl:grid-cols-3 xl:gap-8"[39m
            [36m>[39m
              [36m<div[39m
                [33mclass[39m=[32m"space-y-8"[39m
              [36m>[39m
                [36m<div[39m
                  [33mclass[39m=[32m"flex items-center space-x-2"[39m
                [36m>[39m
                  [36m<svg[39m
                    [33maria-hidden[39m=[32m"true"[39m
                    [33mclass[39m=[32m"lucide lucide-sprout h-8 w-8 text-green-400"[39m
                    [33mfill[39m=[32m"none"[39m
                    [33mheight[39m=[32m"24"[39m
                    [33mstroke[39m=[32m"currentColor"[39m
                    [33mstroke-linecap[39m=[32m"round"[39m
                    [33mstroke-linejoin[39m=[32m"round"[39m
                    [33mstroke-width[39m=[32m"2"[39m
                    [33mviewBox[39m=[32m"0 0 24 24"[39m
                    [33mwidth[39m=[32m"24"[39m
                    [33mxmlns[39m=[32m"http://www.w3.org/2000/svg"[39m
                  [36m>[39m
                    [36m<path[39m
                      [33md[39m=[32m"M14 9.536V7a4 4 0 0 1 4-4h1.5a.5.5 0 0 1 .5.5V5a4 4 0 0 1-4 4 4 4 0 0 0-4 4c0 2 1 3 1 5a5 5 0 0 1-1 3"[39m
                    [36m/>[39m
                    [36m<path[39m
                      [33md[39m=[32m"M4 9a5 5 0 0 1 8 4 5 5 0 0 1-8-4"[39m
                    [36m/>[39m
                    [36m<path[39m
                      [33md[39m=[32m"M5 21h14"[39m
                    [36m/>[39m
                  [36m</svg>[39m
                  [36m<span[39m
                    [33mclass[39m=[32m"text-2xl font-bold"[39m
                  [36m>[39m
                    [0mKisanAI[0m
                  [36m</span>[39m
                  [36m<span[39m
                    [33mclass[39m=[32m"text-sm text-green-300 font-medium"[39m
                  [36m>[39m
                    [0mकिसान AI[0m
                  [36m</span>[39m
                [36m</div>[39m
                [36m<p[39m
                  [33mclass[39m=[32m"text-sm leading-6 text-slate-300 font-medium"[39m
                [36m>[39m
                  [0mभारतीय किसानों के लिए AI-आधारित डिजिटल सहायक। खेती, मौसम, बाजार की जानकारी और सरकारी योजनाओं का लाभ उठाएं।[0m
                [36m</p>[39m
                [36m<div[39m
                  [33mclass[39m=[32m"space-y-2"[39m
                [36m>[39m
                  [36m<div[39m
                    [33mclass[39m=[32m"flex items-center space-x-2 text-sm text-slate-300"[39m
                  [36m>[39m
                    [36m<svg[39m
                      [33maria-hidden[39m=[32m"true"[39m
                      [33mclass[39m=[32m"lucide lucide-phone h-4 w-4"[39m
                      [33mfill[39m=[32m"none"[39m
                      [33mheight[39m=[32m"24"[39m
                      [33mstroke[39m=[32m"currentColor"[39m
                      [33mstroke-linecap[39m=[32m"round"[39m
                      [33mstroke-linejoin[39m=[32m"round"[39m
                      [33mstroke-width[39m=[32m"2"[39m
                      [33mviewBox[39m=[32m"0 0 24 24"[39m
                      [33mwidth[39m=[32m"24"[39m
                      [33mxmlns[39m=[32m"http://www.w3.org/2000/svg"[39m
                    [36m>[39m
                      [36m<path[39m
                        [33md[39m=[32m"M13.832 16.568a1 1 0 0 0 1.213-.303l.355-.465A2 2 0 0 1 17 15h3a2 2 0 0 1 2 2v3a2 2 0 0 1-2 2A18 18 0 0 1 2 4a2 2 0 0 1 2-2h3a2 2 0 0 1 2 2v3a2 2 0 0 1-.8 1.6l-.468.351a1 1 0 0 0-.292 1.233 14 14 0 0 0 6.392 6.384"[39m
                      [36m/>[39m
                    [36m</svg>[39m
                    [36m<span>[39m
                      [0mहेल्पलाइन: 1800-XXX-XXXX[0m
                    [36m</span>[39m
                  [36m</div>[39m
                  [36m<div[39m
                    [33mclass[39m=[32m"flex items-center space-x-2 text-sm text-slate-300"[39m
                  [36m>[39m
                    [36m<svg[39m
                      [33maria-hidden[39m=[32m"true"[39m
                      [33mclass[39m=[32m"lucide lucide-mail h-4 w-4"[39m
                      [33mfill[39m=[32m"none"[39m
                      [33mheight[39m=[32m"24"[39m
                      [33mstroke[39m=[32m"currentColor"[39m
                      [33mstroke-linecap[39m=[32m"round"[39m
                      [33mstroke-linejoin[39m=[32m"round"[39m
                      [33mstroke-width[39m=[32m"2"[39m
                      [33mviewBox[39m=[32m"0 0 24 24"[39m
                      [33mwidth[39m=[32m"24"[39m
                      [33mxmlns[39m=[32m"http://www.w3.org/2000/svg"[39m
                    [36m>[39m
                      [36m<path[39m
                        [33md[39m=[32m"m22 7-8.991 5.727a2 2 0 0 1-2.009 0L2 7"[39m
                      [36m/>[39m
                      [36m<rect[39m
                        [33mheight[39m=[32m"16"[39m
                        [33mrx[39m=[32m"2"[39m
                        [33mwidth[39m=[32m"20"[39m
                        [33mx[39m=[32m"2"[39m
                        [33my[39m=[32m"4"[39m
                      [36m/>[39m
                    [36m</svg>[39m
                    [36m<span>[39m
                      [0msupport@kisanai.gov.in[0m
                    [36m</span>[39m
                  [36m</div>[39m
                  [36m<div[39m
                    [33mclass[39m=[32m"flex items-center space-x-2 text-sm text-slate-300"[39m
                  [36m>[39m
                    [36m<svg[39m
                      [33maria-hidden[39m=[32m"true"[39m
                      [33mclass[39m=[32m"lucide lucide-map-pin h-4 w-4"[39m
                      [33mfill[39m=[32m"none"[39m
                      [33mheight[39m=[32m"24"[39m
                      [33mstroke[39m=[32m"currentColor"[39m
                      [33mstroke-linecap[39m=[32m"round"[39m
                      [33mstroke-linejoin[39m=[32m"round"[39m
                      [33mstroke-width[39m=[32m"2"[39m
                      [33mviewBox[39m=[32m"0 0 24 24"[39m
                      [33mwidth[39m=[32m"24"[39m
                      [33mxmlns[39m=[32m"http://www.w3.org/2000/svg"[39m
                    [36m>[39m
                      [36m<path[39m
                        [33md[39m=[32m"M20 10c0 4.993-5.539 10.193-7.399 11.799a1 1 0 0 1-1.202 0C9.539 20.193 4 14.993 4 10a8 8 0 0 1 16 0"[39m
                      [36m/>[39m
                      [36m<circle[39m
                        [33mcx[39m=[32m"12"[39m
                        [33mcy[39m=[32m"10"[39m
                        [33mr[39m=[32m"3"[39m
                      [36m/>[39m
                    [36m</svg>[39m
                    [36m<span>[39m
                      [0mनई दिल्ली, भारत[0m
                    [36m</span>[39m
                  [36m</div>[39m
                [36m</div>[39m
              [36m</div>[39m
              [36m<div[39m
                [33mclass[39m=[32m"mt-16 grid grid-cols-2 gap-8 xl:col-span-2 xl:mt-0"[39m
              [36m>[39m
                [36m<div[39m
                  [33mclass[39m=[32m"md:grid md:grid-cols-2 md:gap-8"[39m
                [36m>[39m
                  [36m<div>[39m
                    [36m<h3[39m
                      [33mclass[39m=[32m"text-sm font-semibold leading-6 text-white"[39m
                    [36m>[39m
                      [0mमुख्य सुविधाएं[0m
                    [36m</h3>[39m
                    [36m<ul[39m
                      [33mclass[39m=[32m"mt-6 space-y-4"[39m
                      [33mrole[39m=[32m"list"[39m
                    [36m>[39m
                      [36m<li>[39m
                        [36m<a[39m
                          [33mclass[39m=[32m"text-sm leading-6 text-slate-300 hover:text-white transition-colors duration-200 font-medium"[39m
                          [33mhref[39m=[32m"/"[39m
                        [36m>[39m
                          [0mहोम[0m
                        [36m</a>[39m
                      [36m</li>[39m
                      [36m<li>[39m
                        [36m<a[39m
                          [33mclass[39m=[32m"text-sm leading-6 text-slate-300 hover:text-white transition-colors duration-200 font-medium"[39m
                          [33mhref[39m=[32m"/voice-assistant"[39m
                        [36m>[39m
                          [0mआवाज सहायक[0m
                        [36m</a>[39m
                      [36m</li>[39m
                      [36m<li>[39m
                        [36m<a[39m
                          [33mclass[39m=[32m"text-sm leading-6 text-slate-300 hover:text-white transition-colors duration-200 font-medium"[39m
                          [33mhref[39m=[32m"/crop-analysis"[39m
                        [36m>[39m
                          [0mफसल विश्लेषण[0m
                        [36m</a>[39m
                      [36m</li>[39m
                      [36m<li>[39m
                        [36m<a[39m
                          [33mclass[39m=[32m"text-sm leading-6 text-slate-300 hover:text-white transition-colors duration-200 font-medium"[39m
                          [33mhref[39m=[32m"/weather"[39m
                        [36m>[39m
                          [0mमौसम[0m
                        [36m</a>[39m
                      [36m</li>[39m
                      [36m<li>[39m
                        [36m<a[39m
                          [33mclass[39m=[32m"text-sm leading-6 text-slate-300 hover:text-white transition-colors duration-200 font-medium"[39m
                          [33mhref[39m=[32m"/market-prices"[39m
                        [36m>[39m
                          [0mबाजार भाव[0m
                        [36m</a>[39m
                      [36m</li>[39m
                      [36m<li>[39m
                        [36m<a[39m
                          [33mclass[39m=[32m"text-sm leading-6 text-slate-300 hover:text-white transition-colors duration-200 font-medium"[39m
                          [33mhref[39m=[32m"/schemes"[39m
                        [36m>[39m
                          [0mसरकारी योजनाएं[0m
                        [36m</a>[39m
                      [36m</li>[39m
                    [36m</ul>[39m
                  [36m</div>[39m
                  [36m<div[39m
                    [33mclass[39m=[32m"mt-10 md:mt-0"[39m
                  [36m>[39m
                    [36m<h3[39m
                      [33mclass[39m=[32m"text-sm font-semibold leading-6 text-white"[39m
                    [36m>[39m
                      [0mसहायता[0m
                    [36m</h3>[39m
                    [36m<ul[39m
                      [33mclass[39m=[32m"mt-6 space-y-4"[39m
                      [33mrole[39m=[32m"list"[39m
                    [36m>[39m
                      [36m<li>[39m
                        [36m<a[39m
                          [33mclass[39m=[32m"text-sm leading-6 text-slate-300 hover:text-white transition-colors duration-200 font-medium"[39m
                          [33mhref[39m=[32m"/help"[39m
                        [36m>[39m
                          [0mहेल्प सेंटर[0m
                        [36m</a>[39m
                      [36m</li>[39m
                      [36m<li>[39m
                        [36m<a[39m
                          [33mclass[39m=[32m"text-sm leading-6 text-slate-300 hover:text-white transition-colors duration-200 font-medium"[39m
                          [33mhref[39m=[32m"/contact"[39m
                        [36m>[39m
                          [0mसंपर्क करें[0m
                        [36m</a>[39m
                      [36m</li>[39m
                      [36m<li>[39m
                        [36m<a[39m
                          [33mclass[39m=[32m"text-sm leading-6 text-slate-300 hover:text-white transition-colors duration-200 font-medium"[39m
                          [33mhref[39m=[32m"/privacy"[39m
                        [36m>[39m
                          [0mप्राइवेसी पॉलिसी[0m
                        [36m</a>[39m
                      [36m</li>[39m
                      [36m<li>[39m
                        [36m<a[39m
                          [33mclass[39m=[32m"text-sm leading-6 text-slate-300 hover:text-white transition-colors duration-200 font-medium"[39m
                          [33mhref[39m=[32m"/terms"[39m
                        [36m>[39m
                          [0mनियम व शर्तें[0m
                        [36m</a>[39m
                      [36m</li>[39m
                    [36m</ul>[39m
                  [36m</div>[39m
                [36m</div>[39m
                [36m<div[39m
                  [33mclass[39m=[32m"md:grid md:grid-cols-1 md:gap-8"[39m
                [36m>[39m
                  [36m<div>[39m
                    [36m<h3[39m
                      [33mclass[39m=[32m"text-sm font-semibold leading-6 text-white"[39m
                    [36m>[39m
                      [0mसरकारी योजनाएं[0m
                    [36m</h3>[39m
                    [36m<ul[39m
                      [33mclass[39m=[32m"mt-6 space-y-4"[39m
                      [33mrole[39m=[32m"list"[39m
                    [36m>[39m
                      [36m<li>[39m
                        [36m<a[39m
                          [33mclass[39m=[32m"text-sm leading-6 text-slate-300 hover:text-white transition-colors duration-200 font-medium"[39m
                          [33mhref[39m=[32m"/schemes/pm-kisan"[39m
                        [36m>[39m
                          [0mPM-KISAN[0m
                        [36m</a>[39m
                      [36m</li>[39m
                      [36m<li>[39m
                        [36m<a[39m
                          [33mclass[39m=[32m"text-sm leading-6 text-slate-300 hover:text-white transition-colors duration-200 font-medium"[39m
                          [33mhref[39m=[32m"/schemes/soil-health"[39m
                        [36m>[39m
                          [0mSoil Health Card[0m
                        [36m</a>[39m
                      [36m</li>[39m
                      [36m<li>[39m
                        [36m<a[39m
                          [33mclass[39m=[32m"text-sm leading-6 text-slate-300 hover:text-white transition-colors duration-200 font-medium"[39m
                          [33mhref[39m=[32m"/kcc-application"[39m
                        [36m>[39m
                          [0mKisan Credit Card[0m
                        [36m</a>[39m
                      [36m</li>[39m
                      [36m<li>[39m
                        [36m<a[39m
                          [33mclass[39m=[32m"text-sm leading-6 text-slate-300 hover:text-white transition-colors duration-200 font-medium"[39m
                          [33mhref[39m=[32m"/schemes/fasal-bima"[39m
                        [36m>[39m
                          [0mFasal Bima Yojana[0m
                        [36m</a>[39m
                      [36m</li>[39m
                    [36m</ul>[39m
                  [36m</div>[39m
                [36m</div>[39m
              [36m</div>[39m
            [36m</div>[39m
            [36m<div[39m
              [33mclass[39m=[32m"mt-16 border-t border-slate-700 pt-8 sm:mt-20 lg:mt-24"[39m
            [36m>[39m
              [36m<div[39m
                [33mclass[39m=[32m"flex flex-col sm:flex-row sm:items-center sm:justify-between"[39m
              [36m>[39m
                [36m<p[39m
                  [33mclass[39m=[32m"text-xs leading-5 text-slate-400 font-medium"[39m
                [36m>[39m
                  [0m© 2025 KisanAI. सभी अधिकार सुरक्षित। डिजिटल इंडिया पहल का हिस्सा।[0m
                [36m</p>[39m
                [36m<div[39m
                  [33mclass[39m=[32m"mt-4 sm:mt-0"[39m
                [36m>[39m
                  [36m<p[39m
                    [33mclass[39m=[32m"text-xs leading-5 text-slate-400 font-medium"[39m
                  [36m>[39m
                    [0mभारत सरकार के सहयोग से विकसित[0m
                  [36m</p>[39m
                [36m</div>[39m
              [36m</div>[39m
            [36m</div>[39m
          [36m</div>[39m
        [36m</footer>[39m
      [36m</div>[39m
    [36m</body>[39m

    [0m [90m 25 |[39m     [90m// Check for copyright or year information[39m
     [90m 26 |[39m     [36mconst[39m currentYear [33m=[39m [36mnew[39m [33mDate[39m()[33m.[39mgetFullYear()
    [31m[1m>[22m[39m[90m 27 |[39m     [36mconst[39m copyrightText [33m=[39m screen[33m.[39mgetByText([36mnew[39m [33mRegExp[39m(currentYear[33m.[39mtoString()))
     [90m    |[39m                                  [31m[1m^[22m[39m
     [90m 28 |[39m     expect(copyrightText)[33m.[39mtoBeInTheDocument()
     [90m 29 |[39m   })
     [90m 30 |[39m[0m

      at Object.getElementError (node_modules/@testing-library/dom/dist/config.js:37:19)
      at node_modules/@testing-library/dom/dist/query-helpers.js:76:38
      at node_modules/@testing-library/dom/dist/query-helpers.js:52:17
      at node_modules/@testing-library/dom/dist/query-helpers.js:95:19
      at Object.getByText (src/__tests__/components/Footer.test.tsx:27:34)

FAIL src/__tests__/components/Header.test.tsx
  ● Header Component › renders header with logo and navigation

    TestingLibraryElementError: Found multiple elements with the text: आवाज सहायक

    Here are the matching elements:

    Ignored nodes: comments, script, style
    [36m<a[39m
      [33mclass[39m=[32m"text-base font-semibold text-white hover:text-gray-100 transition-colors duration-200"[39m
      [33mhref[39m=[32m"/voice-assistant"[39m
    [36m>[39m
      [0mआवाज सहायक[0m
    [36m</a>[39m

    Ignored nodes: comments, script, style
    [36m<a[39m
      [33mclass[39m=[32m"text-base font-semibold text-white hover:text-farming-200 dark:hover:text-farming-300 transition-colors duration-200"[39m
      [33mhref[39m=[32m"/voice-assistant"[39m
    [36m>[39m
      [0mआवाज सहायक[0m
    [36m</a>[39m

    (If this is intentional, then use the `*AllBy*` variant of the query (like `queryAllByText`, `getAllByText`, or `findAllByText`)).

    Ignored nodes: comments, script, style
    [36m<body>[39m
      [36m<div>[39m
        [36m<header[39m
          [33mclass[39m=[32m"bg-primary dark:bg-primary shadow-lg border-b border-primary-dark dark:border-primary transition-colors duration-300"[39m
        [36m>[39m
          [36m<nav[39m
            [33maria-label[39m=[32m"Top"[39m
            [33mclass[39m=[32m"mx-auto max-w-7xl px-4 sm:px-6 lg:px-8"[39m
          [36m>[39m
            [36m<div[39m
              [33mclass[39m=[32m"flex w-full items-center justify-between border-b border-primary-dark dark:border-primary py-6 lg:border-none"[39m
            [36m>[39m
              [36m<div[39m
                [33mclass[39m=[32m"flex items-center"[39m
              [36m>[39m
                [36m<a[39m
                  [33mclass[39m=[32m"flex items-center space-x-2"[39m
                  [33mhref[39m=[32m"/"[39m
                [36m>[39m
                  [36m<svg[39m
                    [33maria-hidden[39m=[32m"true"[39m
                    [33mclass[39m=[32m"lucide lucide-sprout h-8 w-8 text-white"[39m
                    [33mfill[39m=[32m"none"[39m
                    [33mheight[39m=[32m"24"[39m
                    [33mstroke[39m=[32m"currentColor"[39m
                    [33mstroke-linecap[39m=[32m"round"[39m
                    [33mstroke-linejoin[39m=[32m"round"[39m
                    [33mstroke-width[39m=[32m"2"[39m
                    [33mviewBox[39m=[32m"0 0 24 24"[39m
                    [33mwidth[39m=[32m"24"[39m
                    [33mxmlns[39m=[32m"http://www.w3.org/2000/svg"[39m
                  [36m>[39m
                    [36m<path[39m
                      [33md[39m=[32m"M14 9.536V7a4 4 0 0 1 4-4h1.5a.5.5 0 0 1 .5.5V5a4 4 0 0 1-4 4 4 4 0 0 0-4 4c0 2 1 3 1 5a5 5 0 0 1-1 3"[39m
                    [36m/>[39m
                    [36m<path[39m
                      [33md[39m=[32m"M4 9a5 5 0 0 1 8 4 5 5 0 0 1-8-4"[39m
                    [36m/>[39m
                    [36m<path[39m
                      [33md[39m=[32m"M5 21h14"[39m
                    [36m/>[39m
                  [36m</svg>[39m
                  [36m<span[39m
                    [33mclass[39m=[32m"text-2xl font-bold text-white"[39m
                  [36m>[39m
                    [0mKisanAI[0m
                  [36m</span>[39m
                  [36m<span[39m
                    [33mclass[39m=[32m"text-sm text-white font-medium opacity-90"[39m
                  [36m>[39m
                    [0mकिसान AI[0m
                  [36m</span>[39m
                [36m</a>[39m
              [36m</div>[39m
              [36m<div[39m
                [33mclass[39m=[32m"ml-10 hidden space-x-8 lg:block"[39m
              [36m>[39m
                [36m<a[39m
                  [33mclass[39m=[32m"text-base font-semibold text-white hover:text-gray-100 transition-colors duration-200"[39m
                  [33mhref[39m=[32m"/"[39m
                [36m>[39m
                  [0mहोम[0m
                [36m</a>[39m
                [36m<a[39m
                  [33mclass[39m=[32m"text-base font-semibold text-white hover:text-gray-100 transition-colors duration-200"[39m
                  [33mhref[39m=[32m"/voice-assistant"[39m
                [36m>[39m
                  [0mआवाज सहायक[0m
                [36m</a>[39m
                [36m<a[39m
                  [33mclass[39m=[32m"text-base font-semibold text-white hover:text-gray-100 transition-colors duration-200"[39m
                  [33mhref[39m=[32m"/crop-analysis"[39m
                [36m>[39m
                  [0mफसल विश्लेषण[0m
                [36m</a>[39m
                [36m<a[39m
                  [33mclass[39m=[32m"text-base font-semibold text-white hover:text-gray-100 transition-colors duration-200"[39m
                  [33mhref[39m=[32m"/weather"[39m
                [36m>[39m
                  [0mमौसम[0m
                [36m</a>[39m
                [36m<a[39m
                  [33mclass[39m=[32m"text-base font-semibold text-white hover:text-gray-100 transition-colors duration-200"[39m
                  [33mhref[39m=[32m"/market-prices"[39m
                [36m>[39m
                  [0mबाजार भाव[0m
                [36m</a>[39m
                [36m<a[39m
                  [33mclass[39m=[32m"text-base font-semibold text-white hover:text-gray-100 transition-colors duration-200"[39m
                  [33mhref[39m=[32m"/schemes"[39m
                [36m>[39m
                  [0mसरकारी योजनाएं[0m
                [36m</a>[39m
                [36m<a[39m
                  [33mclass[39m=[32m"text-base font-semibold text-white hover:text-gray-100 transition-colors duration-200"[39m
                  [33mhref[39m=[32m"/kcc-application"[39m
                [36m>[39m
                  [0mKCC आवेदन[0m
                [36m</a>[39m
              [36m</div>[39m
              [36m<div[39m
                [33mclass[39m=[32m"ml-10 flex items-center space-x-4"[39m
              [36m>[39m
                [36m<button[39m
                  [33mclass[39m=[32m"inline-flex items-center justify-center rounded-md font-medium focus-visible:outline-none focus-visible:ring-2 focus-visible:ring-ring focus-visible:ring-offset-2 disabled:pointer-events-none disabled:opacity-50 text-sm w-9 h-9 p-0 hover:bg-accent hover:text-accent-foreground transition-all duration-300"[39m
                  [33mtitle[39m=[32m"थीम बदलें"[39m
                [36m>[39m
                  [36m<svg[39m
                    [33maria-hidden[39m=[32m"true"[39m
                    [33mclass[39m=[32m"lucide lucide-monitor h-4 w-4"[39m
                    [33mfill[39m=[32m"none"[39m
                    [33mheight[39m=[32m"24"[39m
                    [33mstroke[39m=[32m"currentColor"[39m
                    [33mstroke-linecap[39m=[32m"round"[39m
                    [33mstroke-linejoin[39m=[32m"round"[39m
                    [33mstroke-width[39m=[32m"2"[39m
                    [33mviewBox[39m=[32m"0 0 24 24"[39m
                    [33mwidth[39m=[32m"24"[39m
                    [33mxmlns[39m=[32m"http://www.w3.org/2000/svg"[39m
                  [36m>[39m
                    [36m<rect[39m
                      [33mheight[39m=[32m"14"[39m
                      [33mrx[39m=[32m"2"[39m
                      [33mwidth[39m=[32m"20"[39m
                      [33mx[39m=[32m"2"[39m
                      [33my[39m=[32m"3"[39m
                    [36m/>[39m
                    [36m<line[39m
                      [33mx1[39m=[32m"8"[39m
                      [33mx2[39m=[32m"16"[39m
                      [33my1[39m=[32m"21"[39m
                      [33my2[39m=[32m"21"[39m
                    [36m/>[39m
                    [36m<line[39m
                      [33mx1[39m=[32m"12"[39m
                      [33mx2[39m=[32m"12"[39m
                      [33my1[39m=[32m"17"[39m
                      [33my2[39m=[32m"21"[39m
                    [36m/>[39m
                  [36m</svg>[39m
                [36m</button>[39m
                [36m<button[39m
                  [33mclass[39m=[32m"inline-flex items-center justify-center rounded-md font-medium transition-all duration-300 focus-visible:outline-none focus-visible:ring-2 focus-visible:ring-ring focus-visible:ring-offset-2 disabled:pointer-events-none disabled:opacity-50 border shadow-sm hover:text-accent-foreground h-10 px-4 text-base bg-white text-primary hover:bg-gray-50 border-white dark:bg-gray-800 dark:text-white dark:border-gray-600 dark:hover:bg-gray-700"[39m
                [36m>[39m
                  [0mलॉगिन[0m
                [36m</button>[39m
                [36m<div[39m
                  [33mclass[39m=[32m"flex lg:hidden"[39m
                [36m>[39m
                  [36m<button[39m
                    [33mclass[39m=[32m"inline-flex items-center justify-center rounded-md font-medium transition-all duration-300 focus-visible:outline-none focus-visible:ring-2 focus-visible:ring-ring focus-visible:ring-offset-2 disabled:pointer-events-none disabled:opacity-50 hover:text-accent-foreground h-10 px-4 text-base text-white hover:bg-farming-700 dark:hover:bg-farming-800"[39m
                  [36m>[39m
                    [36m<span[39m
                      [33mclass[39m=[32m"sr-only"[39m
                    [36m>[39m
                      [0mOpen main menu[0m
                    [36m</span>[39m
                    [36m<svg[39m
                      [33maria-hidden[39m=[32m"true"[39m
                      [33mclass[39m=[32m"lucide lucide-menu block h-6 w-6"[39m
                      [33mfill[39m=[32m"none"[39m
                      [33mheight[39m=[32m"24"[39m
                      [33mstroke[39m=[32m"currentColor"[39m
                      [33mstroke-linecap[39m=[32m"round"[39m
                      [33mstroke-linejoin[39m=[32m"round"[39m
                      [33mstroke-width[39m=[32m"2"[39m
                      [33mviewBox[39m=[32m"0 0 24 24"[39m
                      [33mwidth[39m=[32m"24"[39m
                      [33mxmlns[39m=[32m"http://www.w3.org/2000/svg"[39m
                    [36m>[39m
                      [36m<path[39m
                        [33md[39m=[32m"M4 12h16"[39m
                      [36m/>[39m
                      [36m<path[39m
                        [33md[39m=[32m"M4 18h16"[39m
                      [36m/>[39m
                      [36m<path[39m
                        [33md[39m=[32m"M4 6h16"[39m
                      [36m/>[39m
                    [36m</svg>[39m
                  [36m</button>[39m
                [36m</div>[39m
              [36m</div>[39m
            [36m</div>[39m
            [36m<div[39m
              [33mclass[39m=[32m"flex flex-wrap justify-center space-x-6 py-4 lg:hidden"[39m
            [36m>[39m
              [36m<a[39m
                [33mclass[39m=[32m"text-base font-semibold text-white hover:text-farming-200 dark:hover:text-farming-300 transition-colors duration-200"[39m
                [33mhref[39m=[32m"/"[39m
              [36m>[39m
                [0mहोम[0m
              [36m</a>[39m
              [36m<a[39m
                [33mclass[39m=[32m"text-base font-semibold text-white hover:text-farming-200 dark:hover:text-farming-300 transition-colors duration-200"[39m
                [33mhref[39m=[32m"/voice-assistant"[39m
              [36m>[39m
                [0mआवाज सहायक[0m
              [36m</a>[39m
              [36m<a[39m
                [33mclass[39m=[32m"text-base font-semibold text-white hover:text-farming-200 dark:hover:text-farming-300 transition-colors duration-200"[39m
                [33mhref[39m=[32m"/crop-analysis"[39m
              [36m>[39m
                [0mफसल विश्लेषण[0m
              [36m</a>[39m
              [36m<a[39m
                [33mclass[39m=[32m"text-base font-semibold text-white hover:text-farming-200 dark:hover:text-farming-300 transition-colors duration-200"[39m
                [33mhref[39m=[32m"/weather"[39m
              [36m>[39m
                [0mमौसम[0m
              [36m</a>[39m
              [36m<a[39m
                [33mclass[39m=[32m"text-base font-semibold text-white hover:text-farming-200 dark:hover:text-farming-300 transition-colors duration-200"[39m
                [33mhref[39m=[32m"/market-prices"[39m
              [36m>[39m
                [0mबाजार भाव[0m
              [36m</a>[39m
              [36m<a[39m
                [33mclass[39m=[32m"text-base font-semibold text-white hover:text-farming-200 dark:hover:text-farming-300 transition-colors duration-200"[39m
                [33mhref[39m=[32m"/schemes"[39m
              [36m>[39m
                [0mसरकारी योजनाएं[0m
              [36m</a>[39m
              [36m<a[39m
                [33mclass[39m=[32m"text-base font-semibold text-white hover:text-farming-200 dark:hover:text-farming-300 transition-colors duration-200"[39m
                [33mhref[39m=[32m"/kcc-application"[39m
              [36m>[39m
                [0mKCC आवेदन[0m
              [36m</a>[39m
            [36m</div>[39m
          [36m</nav>[39m
        [36m</header>[39m
      [36m</div>[39m
    [36m</body>[39m

    [0m [90m  9 |[39m     [90m// Check if main elements are present[39m
     [90m 10 |[39m     expect(screen[33m.[39mgetByText([32m'KisanAI'[39m))[33m.[39mtoBeInTheDocument()
    [31m[1m>[22m[39m[90m 11 |[39m     expect(screen[33m.[39mgetByText([32m'आवाज सहायक'[39m))[33m.[39mtoBeInTheDocument()
     [90m    |[39m                   [31m[1m^[22m[39m
     [90m 12 |[39m     expect(screen[33m.[39mgetByText([32m'फसल विश्लेषण'[39m))[33m.[39mtoBeInTheDocument()
     [90m 13 |[39m     expect(screen[33m.[39mgetByText([32m'मौसम'[39m))[33m.[39mtoBeInTheDocument()
     [90m 14 |[39m     expect(screen[33m.[39mgetByText([32m'मंडी भाव'[39m))[33m.[39mtoBeInTheDocument()[0m

      at Object.getElementError (node_modules/@testing-library/dom/dist/config.js:37:19)
      at getElementError (node_modules/@testing-library/dom/dist/query-helpers.js:20:35)
      at getMultipleElementsFoundError (node_modules/@testing-library/dom/dist/query-helpers.js:23:10)
      at node_modules/@testing-library/dom/dist/query-helpers.js:55:13
      at node_modules/@testing-library/dom/dist/query-helpers.js:95:19
      at Object.getByText (src/__tests__/components/Header.test.tsx:11:19)

  ● Header Component › displays logo with correct styling

    expect(element).toHaveClass("text-green-800")

    Expected the element to have class:
      text-green-800
    Received:
      text-2xl font-bold text-white

    [0m [90m 31 |[39m     
     [90m 32 |[39m     [36mconst[39m logo [33m=[39m screen[33m.[39mgetByText([32m'KisanAI'[39m)
    [31m[1m>[22m[39m[90m 33 |[39m     expect(logo)[33m.[39mtoHaveClass([32m'text-green-800'[39m)
     [90m    |[39m                  [31m[1m^[22m[39m
     [90m 34 |[39m     expect(logo)[33m.[39mtoHaveClass([32m'font-bold'[39m)
     [90m 35 |[39m   })
     [90m 36 |[39m[0m

      at Object.toHaveClass (src/__tests__/components/Header.test.tsx:33:18)

PASS src/__tests__/pages/CropAnalysis.test.tsx
PASS src/__tests__/pages/KCCApplication.test.tsx
FAIL src/__tests__/pages/MarketPrices.test.tsx
  ● Market Prices Page › displays quick statistics

    TestingLibraryElementError: Unable to find an element with the text: बढ़ती कीमतें. This could be because the text is broken up by multiple elements. In this case, you can provide a function for your text matcher to make your matcher more flexible.

    Ignored nodes: comments, script, style
    [36m<body>[39m
      [36m<div>[39m
        [36m<div[39m
          [33mclass[39m=[32m"min-h-screen bg-gradient-to-br from-orange-50 to-yellow-50 py-8"[39m
        [36m>[39m
          [36m<div[39m
            [33mclass[39m=[32m"max-w-7xl mx-auto px-6 sm:px-8"[39m
          [36m>[39m
            [36m<div[39m
              [33mclass[39m=[32m"text-center mb-8"[39m
            [36m>[39m
              [36m<h1[39m
                [33mclass[39m=[32m"text-4xl font-bold !text-slate-900 mb-4"[39m
              [36m>[39m
                [0mबाजार भाव[0m
              [36m</h1>[39m
              [36m<p[39m
                [33mclass[39m=[32m"text-xl !text-slate-700 font-medium"[39m
              [36m>[39m
                [0mआज के ताजे मंडी भाव और मूल्य रुझान की जानकारी[0m
              [36m</p>[39m
            [36m</div>[39m
            [36m<div[39m
              [33mclass[39m=[32m"rounded-lg border bg-card text-card-foreground shadow-sm transition-all duration-300 hover:shadow-md mb-8"[39m
            [36m>[39m
              [36m<div[39m
                [33mclass[39m=[32m"p-6 py-6"[39m
              [36m>[39m
                [36m<div[39m
                  [33mclass[39m=[32m"flex flex-col sm:flex-row gap-4"[39m
                [36m>[39m
                  [36m<div[39m
                    [33mclass[39m=[32m"flex-1 relative"[39m
                  [36m>[39m
                    [36m<svg[39m
                      [33maria-hidden[39m=[32m"true"[39m
                      [33mclass[39m=[32m"lucide lucide-search absolute left-3 top-1/2 transform -translate-y-1/2 text-gray-400 h-5 w-5"[39m
                      [33mfill[39m=[32m"none"[39m
                      [33mheight[39m=[32m"24"[39m
                      [33mstroke[39m=[32m"currentColor"[39m
                      [33mstroke-linecap[39m=[32m"round"[39m
                      [33mstroke-linejoin[39m=[32m"round"[39m
                      [33mstroke-width[39m=[32m"2"[39m
                      [33mviewBox[39m=[32m"0 0 24 24"[39m
                      [33mwidth[39m=[32m"24"[39m
                      [33mxmlns[39m=[32m"http://www.w3.org/2000/svg"[39m
                    [36m>[39m
                      [36m<path[39m
                        [33md[39m=[32m"m21 21-4.34-4.34"[39m
                      [36m/>[39m
                      [36m<circle[39m
                        [33mcx[39m=[32m"11"[39m
                        [33mcy[39m=[32m"11"[39m
                        [33mr[39m=[32m"8"[39m
                      [36m/>[39m
                    [36m</svg>[39m
                    [36m<input[39m
                      [33mclass[39m=[32m"w-full pl-10 pr-4 py-2 border border-gray-300 rounded-md focus:ring-2 focus:ring-orange-500 focus:border-transparent !text-slate-900 placeholder-gray-500"[39m
                      [33mplaceholder[39m=[32m"फसल का नाम खोजें..."[39m
                      [33mtype[39m=[32m"text"[39m
                    [36m/>[39m
                  [36m</div>[39m
                  [36m<button[39m
                    [33mclass[39m=[32m"justify-center rounded-md font-medium transition-all duration-300 focus-visible:outline-none focus-visible:ring-2 focus-visible:ring-ring focus-visible:ring-offset-2 disabled:pointer-events-none disabled:opacity-50 border border-input bg-background shadow-sm hover:bg-accent hover:text-accent-foreground h-10 px-4 text-base flex items-center space-x-2"[39m
                  [36m>[39m
                    [36m<svg[39m
                      [33maria-hidden[39m=[32m"true"[39m
                      [33mclass[39m=[32m"lucide lucide-funnel h-4 w-4"[39m
                      [33mfill[39m=[32m"none"[39m
                      [33mheight[39m=[32m"24"[39m
                      [33mstroke[39m=[32m"currentColor"[39m
                      [33mstroke-linecap[39m=[32m"round"[39m
                      [33mstroke-linejoin[39m=[32m"round"[39m
                      [33mstroke-width[39m=[32m"2"[39m
                      [33mviewBox[39m=[32m"0 0 24 24"[39m
                      [33mwidth[39m=[32m"24"[39m
                      [33mxmlns[39m=[32m"http://www.w3.org/2000/svg"[39m
                    [36m>[39m
                      [36m<path[39m
                        [33md[39m=[32m"M10 20a1 1 0 0 0 .553.895l2 1A1 1 0 0 0 14 21v-7a2 2 0 0 1 .517-1.341L21.74 4.67A1 1 0 0 0 21 3H3a1 1 0 0 0-.742 1.67l7.225 7.989A2 2 0 0 1 10 14z"[39m
                      [36m/>[39m
                    [36m</svg>[39m
                    [36m<span>[39m
                      [0mफिल्टर[0m
                    [36m</span>[39m
                  [36m</button>[39m
                  [36m<button[39m
                    [33mclass[39m=[32m"justify-center rounded-md font-medium transition-all duration-300 focus-visible:outline-none focus-visible:ring-2 focus-visible:ring-ring focus-visible:ring-offset-2 disabled:pointer-events-none disabled:opacity-50 border border-input bg-background shadow-sm hover:bg-accent hover:text-accent-foreground h-10 px-4 text-base flex items-center space-x-2"[39m
                  [36m>[39m
                    [36m<svg[39m
                      [33maria-hidden[39m=[32m"true"[39m
                      [33mclass[39m=[32m"lucide lucide-map-pin h-4 w-4"[39m
                      [33mfill[39m=[32m"none"[39m
                      [33mheight[39m=[32m"24"[39m
                      [33mstroke[39m=[32m"currentColor"[39m
                      [33mstroke-linecap[39m=[32m"round"[39m
                      [33mstroke-linejoin[39m=[32m"round"[39m
                      [33mstroke-width[39m=[32m"2"[39m
                      [33mviewBox[39m=[32m"0 0 24 24"[39m
                      [33mwidth[39m=[32m"24"[39m
                      [33mxmlns[39m=[32m"http://www.w3.org/2000/svg"[39m
                    [36m>[39m
                      [36m<path[39m
                        [33md[39m=[32m"M20 10c0 4.993-5.539 10.193-7.399 11.799a1 1 0 0 1-1.202 0C9.539 20.193 4 14.993 4 10a8 8 0 0 1 16 0"[39m
                      [36m/>[39m
                      [36m<circle[39m
                        [33mcx[39m=[32m"12"[39m
                        [33mcy[39m=[32m"10"[39m
                        [33mr[39m=[32m"3"[39m
                      [36m/>[39m
                    [36m</svg>[39m
                    [36m<span>[39m
                      [0mमंडी चुनें[0m
                    [36m</span>[39m
                  [36m</button>[39m
                [36m</div>[39m
              [36m</div>[39m
            [36m</div>[39m
            [36m<div[39m
              [33mclass[39m=[32m"rounded-lg border bg-card text-card-foreground shadow-sm transition-all duration-300 hover:shadow-md mb-8"[39m
            [36m>[39m
              [36m<div[39m
                [33mclass[39m=[32m"flex flex-col space-y-1.5 p-6"[39m
              [36m>[39m
                [36m<h3[39m
                  [33mclass[39m=[32m"text-2xl leading-none tracking-tight text-card-foreground !text-slate-900 font-bold"[39m
                [36m>[39m
                  [0mआज के मंडी भाव[0m
                [36m</h3>[39m
              [36m</div>[39m
              [36m<div[39m
                [33mclass[39m=[32m"p-6 pt-0"[39m
              [36m>[39m
                [36m<div[39m
                 ...

    [0m [90m 14 |[39m     render([33m<[39m[33mMarketPrices[39m [33m/[39m[33m>[39m)
     [90m 15 |[39m     
    [31m[1m>[22m[39m[90m 16 |[39m     expect(screen[33m.[39mgetByText([32m'बढ़ती कीमतें'[39m))[33m.[39mtoBeInTheDocument()
     [90m    |[39m                   [31m[1m^[22m[39m
     [90m 17 |[39m     expect(screen[33m.[39mgetByText([32m'गिरती कीमतें'[39m))[33m.[39mtoBeInTheDocument()
     [90m 18 |[39m     expect(screen[33m.[39mgetByText([32m'कुल मंडियां'[39m))[33m.[39mtoBeInTheDocument()
     [90m 19 |[39m     expect(screen[33m.[39mgetByText([32m'कुल फसलें'[39m))[33m.[39mtoBeInTheDocument()[0m

      at Object.getElementError (node_modules/@testing-library/dom/dist/config.js:37:19)
      at node_modules/@testing-library/dom/dist/query-helpers.js:76:38
      at node_modules/@testing-library/dom/dist/query-helpers.js:52:17
      at node_modules/@testing-library/dom/dist/query-helpers.js:95:19
      at Object.getByText (src/__tests__/pages/MarketPrices.test.tsx:16:19)

  ● Market Prices Page › shows search and filter options

    TestingLibraryElementError: Unable to find an element with the placeholder text of: मंडी का नाम खोजें...

    Ignored nodes: comments, script, style
    [36m<body>[39m
      [36m<div>[39m
        [36m<div[39m
          [33mclass[39m=[32m"min-h-screen bg-gradient-to-br from-orange-50 to-yellow-50 py-8"[39m
        [36m>[39m
          [36m<div[39m
            [33mclass[39m=[32m"max-w-7xl mx-auto px-6 sm:px-8"[39m
          [36m>[39m
            [36m<div[39m
              [33mclass[39m=[32m"text-center mb-8"[39m
            [36m>[39m
              [36m<h1[39m
                [33mclass[39m=[32m"text-4xl font-bold !text-slate-900 mb-4"[39m
              [36m>[39m
                [0mबाजार भाव[0m
              [36m</h1>[39m
              [36m<p[39m
                [33mclass[39m=[32m"text-xl !text-slate-700 font-medium"[39m
              [36m>[39m
                [0mआज के ताजे मंडी भाव और मूल्य रुझान की जानकारी[0m
              [36m</p>[39m
            [36m</div>[39m
            [36m<div[39m
              [33mclass[39m=[32m"rounded-lg border bg-card text-card-foreground shadow-sm transition-all duration-300 hover:shadow-md mb-8"[39m
            [36m>[39m
              [36m<div[39m
                [33mclass[39m=[32m"p-6 py-6"[39m
              [36m>[39m
                [36m<div[39m
                  [33mclass[39m=[32m"flex flex-col sm:flex-row gap-4"[39m
                [36m>[39m
                  [36m<div[39m
                    [33mclass[39m=[32m"flex-1 relative"[39m
                  [36m>[39m
                    [36m<svg[39m
                      [33maria-hidden[39m=[32m"true"[39m
                      [33mclass[39m=[32m"lucide lucide-search absolute left-3 top-1/2 transform -translate-y-1/2 text-gray-400 h-5 w-5"[39m
                      [33mfill[39m=[32m"none"[39m
                      [33mheight[39m=[32m"24"[39m
                      [33mstroke[39m=[32m"currentColor"[39m
                      [33mstroke-linecap[39m=[32m"round"[39m
                      [33mstroke-linejoin[39m=[32m"round"[39m
                      [33mstroke-width[39m=[32m"2"[39m
                      [33mviewBox[39m=[32m"0 0 24 24"[39m
                      [33mwidth[39m=[32m"24"[39m
                      [33mxmlns[39m=[32m"http://www.w3.org/2000/svg"[39m
                    [36m>[39m
                      [36m<path[39m
                        [33md[39m=[32m"m21 21-4.34-4.34"[39m
                      [36m/>[39m
                      [36m<circle[39m
                        [33mcx[39m=[32m"11"[39m
                        [33mcy[39m=[32m"11"[39m
                        [33mr[39m=[32m"8"[39m
                      [36m/>[39m
                    [36m</svg>[39m
                    [36m<input[39m
                      [33mclass[39m=[32m"w-full pl-10 pr-4 py-2 border border-gray-300 rounded-md focus:ring-2 focus:ring-orange-500 focus:border-transparent !text-slate-900 placeholder-gray-500"[39m
                      [33mplaceholder[39m=[32m"फसल का नाम खोजें..."[39m
                      [33mtype[39m=[32m"text"[39m
                    [36m/>[39m
                  [36m</div>[39m
                  [36m<button[39m
                    [33mclass[39m=[32m"justify-center rounded-md font-medium transition-all duration-300 focus-visible:outline-none focus-visible:ring-2 focus-visible:ring-ring focus-visible:ring-offset-2 disabled:pointer-events-none disabled:opacity-50 border border-input bg-background shadow-sm hover:bg-accent hover:text-accent-foreground h-10 px-4 text-base flex items-center space-x-2"[39m
                  [36m>[39m
                    [36m<svg[39m
                      [33maria-hidden[39m=[32m"true"[39m
                      [33mclass[39m=[32m"lucide lucide-funnel h-4 w-4"[39m
                      [33mfill[39m=[32m"none"[39m
                      [33mheight[39m=[32m"24"[39m
                      [33mstroke[39m=[32m"currentColor"[39m
                      [33mstroke-linecap[39m=[32m"round"[39m
                      [33mstroke-linejoin[39m=[32m"round"[39m
                      [33mstroke-width[39m=[32m"2"[39m
                      [33mviewBox[39m=[32m"0 0 24 24"[39m
                      [33mwidth[39m=[32m"24"[39m
                      [33mxmlns[39m=[32m"http://www.w3.org/2000/svg"[39m
                    [36m>[39m
                      [36m<path[39m
                        [33md[39m=[32m"M10 20a1 1 0 0 0 .553.895l2 1A1 1 0 0 0 14 21v-7a2 2 0 0 1 .517-1.341L21.74 4.67A1 1 0 0 0 21 3H3a1 1 0 0 0-.742 1.67l7.225 7.989A2 2 0 0 1 10 14z"[39m
                      [36m/>[39m
                    [36m</svg>[39m
                    [36m<span>[39m
                      [0mफिल्टर[0m
                    [36m</span>[39m
                  [36m</button>[39m
                  [36m<button[39m
                    [33mclass[39m=[32m"justify-center rounded-md font-medium transition-all duration-300 focus-visible:outline-none focus-visible:ring-2 focus-visible:ring-ring focus-visible:ring-offset-2 disabled:pointer-events-none disabled:opacity-50 border border-input bg-background shadow-sm hover:bg-accent hover:text-accent-foreground h-10 px-4 text-base flex items-center space-x-2"[39m
                  [36m>[39m
                    [36m<svg[39m
                      [33maria-hidden[39m=[32m"true"[39m
                      [33mclass[39m=[32m"lucide lucide-map-pin h-4 w-4"[39m
                      [33mfill[39m=[32m"none"[39m
                      [33mheight[39m=[32m"24"[39m
                      [33mstroke[39m=[32m"currentColor"[39m
                      [33mstroke-linecap[39m=[32m"round"[39m
                      [33mstroke-linejoin[39m=[32m"round"[39m
                      [33mstroke-width[39m=[32m"2"[39m
                      [33mviewBox[39m=[32m"0 0 24 24"[39m
                      [33mwidth[39m=[32m"24"[39m
                      [33mxmlns[39m=[32m"http://www.w3.org/2000/svg"[39m
                    [36m>[39m
                      [36m<path[39m
                        [33md[39m=[32m"M20 10c0 4.993-5.539 10.193-7.399 11.799a1 1 0 0 1-1.202 0C9.539 20.193 4 14.993 4 10a8 8 0 0 1 16 0"[39m
                      [36m/>[39m
                      [36m<circle[39m
                        [33mcx[39m=[32m"12"[39m
                        [33mcy[39m=[32m"10"[39m
                        [33mr[39m=[32m"3"[39m
                      [36m/>[39m
                    [36m</svg>[39m
                    [36m<span>[39m
                      [0mमंडी चुनें[0m
                    [36m</span>[39m
                  [36m</button>[39m
                [36m</div>[39m
              [36m</div>[39m
            [36m</div>[39m
            [36m<div[39m
              [33mclass[39m=[32m"rounded-lg border bg-card text-card-foreground shadow-sm transition-all duration-300 hover:shadow-md mb-8"[39m
            [36m>[39m
              [36m<div[39m
                [33mclass[39m=[32m"flex flex-col space-y-1.5 p-6"[39m
              [36m>[39m
                [36m<h3[39m
                  [33mclass[39m=[32m"text-2xl leading-none tracking-tight text-card-foreground !text-slate-900 font-bold"[39m
                [36m>[39m
                  [0mआज के मंडी भाव[0m
                [36m</h3>[39m
              [36m</div>[39m
              [36m<div[39m
                [33mclass[39m=[32m"p-6 pt-0"[39m
              [36m>[39m
                [36m<div[39m
                 ...

    [0m [90m 24 |[39m     
     [90m 25 |[39m     expect(screen[33m.[39mgetByPlaceholderText([32m'फसल का नाम खोजें...'[39m))[33m.[39mtoBeInTheDocument()
    [31m[1m>[22m[39m[90m 26 |[39m     expect(screen[33m.[39mgetByPlaceholderText([32m'मंडी का नाम खोजें...'[39m))[33m.[39mtoBeInTheDocument()
     [90m    |[39m                   [31m[1m^[22m[39m
     [90m 27 |[39m     expect(screen[33m.[39mgetByText([32m'फिल्टर'[39m))[33m.[39mtoBeInTheDocument()
     [90m 28 |[39m   })
     [90m 29 |[39m[0m

      at Object.getElementError (node_modules/@testing-library/dom/dist/config.js:37:19)
      at node_modules/@testing-library/dom/dist/query-helpers.js:76:38
      at node_modules/@testing-library/dom/dist/query-helpers.js:52:17
      at node_modules/@testing-library/dom/dist/query-helpers.js:95:19
      at Object.getByPlaceholderText (src/__tests__/pages/MarketPrices.test.tsx:26:19)

  ● Market Prices Page › displays market insights section

    TestingLibraryElementError: Unable to find an element with the text: बाजार अंतर्दृष्टि. This could be because the text is broken up by multiple elements. In this case, you can provide a function for your text matcher to make your matcher more flexible.

    Ignored nodes: comments, script, style
    [36m<body>[39m
      [36m<div>[39m
        [36m<div[39m
          [33mclass[39m=[32m"min-h-screen bg-gradient-to-br from-orange-50 to-yellow-50 py-8"[39m
        [36m>[39m
          [36m<div[39m
            [33mclass[39m=[32m"max-w-7xl mx-auto px-6 sm:px-8"[39m
          [36m>[39m
            [36m<div[39m
              [33mclass[39m=[32m"text-center mb-8"[39m
            [36m>[39m
              [36m<h1[39m
                [33mclass[39m=[32m"text-4xl font-bold !text-slate-900 mb-4"[39m
              [36m>[39m
                [0mबाजार भाव[0m
              [36m</h1>[39m
              [36m<p[39m
                [33mclass[39m=[32m"text-xl !text-slate-700 font-medium"[39m
              [36m>[39m
                [0mआज के ताजे मंडी भाव और मूल्य रुझान की जानकारी[0m
              [36m</p>[39m
            [36m</div>[39m
            [36m<div[39m
              [33mclass[39m=[32m"rounded-lg border bg-card text-card-foreground shadow-sm transition-all duration-300 hover:shadow-md mb-8"[39m
            [36m>[39m
              [36m<div[39m
                [33mclass[39m=[32m"p-6 py-6"[39m
              [36m>[39m
                [36m<div[39m
                  [33mclass[39m=[32m"flex flex-col sm:flex-row gap-4"[39m
                [36m>[39m
                  [36m<div[39m
                    [33mclass[39m=[32m"flex-1 relative"[39m
                  [36m>[39m
                    [36m<svg[39m
                      [33maria-hidden[39m=[32m"true"[39m
                      [33mclass[39m=[32m"lucide lucide-search absolute left-3 top-1/2 transform -translate-y-1/2 text-gray-400 h-5 w-5"[39m
                      [33mfill[39m=[32m"none"[39m
                      [33mheight[39m=[32m"24"[39m
                      [33mstroke[39m=[32m"currentColor"[39m
                      [33mstroke-linecap[39m=[32m"round"[39m
                      [33mstroke-linejoin[39m=[32m"round"[39m
                      [33mstroke-width[39m=[32m"2"[39m
                      [33mviewBox[39m=[32m"0 0 24 24"[39m
                      [33mwidth[39m=[32m"24"[39m
                      [33mxmlns[39m=[32m"http://www.w3.org/2000/svg"[39m
                    [36m>[39m
                      [36m<path[39m
                        [33md[39m=[32m"m21 21-4.34-4.34"[39m
                      [36m/>[39m
                      [36m<circle[39m
                        [33mcx[39m=[32m"11"[39m
                        [33mcy[39m=[32m"11"[39m
                        [33mr[39m=[32m"8"[39m
                      [36m/>[39m
                    [36m</svg>[39m
                    [36m<input[39m
                      [33mclass[39m=[32m"w-full pl-10 pr-4 py-2 border border-gray-300 rounded-md focus:ring-2 focus:ring-orange-500 focus:border-transparent !text-slate-900 placeholder-gray-500"[39m
                      [33mplaceholder[39m=[32m"फसल का नाम खोजें..."[39m
                      [33mtype[39m=[32m"text"[39m
                    [36m/>[39m
                  [36m</div>[39m
                  [36m<button[39m
                    [33mclass[39m=[32m"justify-center rounded-md font-medium transition-all duration-300 focus-visible:outline-none focus-visible:ring-2 focus-visible:ring-ring focus-visible:ring-offset-2 disabled:pointer-events-none disabled:opacity-50 border border-input bg-background shadow-sm hover:bg-accent hover:text-accent-foreground h-10 px-4 text-base flex items-center space-x-2"[39m
                  [36m>[39m
                    [36m<svg[39m
                      [33maria-hidden[39m=[32m"true"[39m
                      [33mclass[39m=[32m"lucide lucide-funnel h-4 w-4"[39m
                      [33mfill[39m=[32m"none"[39m
                      [33mheight[39m=[32m"24"[39m
                      [33mstroke[39m=[32m"currentColor"[39m
                      [33mstroke-linecap[39m=[32m"round"[39m
                      [33mstroke-linejoin[39m=[32m"round"[39m
                      [33mstroke-width[39m=[32m"2"[39m
                      [33mviewBox[39m=[32m"0 0 24 24"[39m
                      [33mwidth[39m=[32m"24"[39m
                      [33mxmlns[39m=[32m"http://www.w3.org/2000/svg"[39m
                    [36m>[39m
                      [36m<path[39m
                        [33md[39m=[32m"M10 20a1 1 0 0 0 .553.895l2 1A1 1 0 0 0 14 21v-7a2 2 0 0 1 .517-1.341L21.74 4.67A1 1 0 0 0 21 3H3a1 1 0 0 0-.742 1.67l7.225 7.989A2 2 0 0 1 10 14z"[39m
                      [36m/>[39m
                    [36m</svg>[39m
                    [36m<span>[39m
                      [0mफिल्टर[0m
                    [36m</span>[39m
                  [36m</button>[39m
                  [36m<button[39m
                    [33mclass[39m=[32m"justify-center rounded-md font-medium transition-all duration-300 focus-visible:outline-none focus-visible:ring-2 focus-visible:ring-ring focus-visible:ring-offset-2 disabled:pointer-events-none disabled:opacity-50 border border-input bg-background shadow-sm hover:bg-accent hover:text-accent-foreground h-10 px-4 text-base flex items-center space-x-2"[39m
                  [36m>[39m
                    [36m<svg[39m
                      [33maria-hidden[39m=[32m"true"[39m
                      [33mclass[39m=[32m"lucide lucide-map-pin h-4 w-4"[39m
                      [33mfill[39m=[32m"none"[39m
                      [33mheight[39m=[32m"24"[39m
                      [33mstroke[39m=[32m"currentColor"[39m
                      [33mstroke-linecap[39m=[32m"round"[39m
                      [33mstroke-linejoin[39m=[32m"round"[39m
                      [33mstroke-width[39m=[32m"2"[39m
                      [33mviewBox[39m=[32m"0 0 24 24"[39m
                      [33mwidth[39m=[32m"24"[39m
                      [33mxmlns[39m=[32m"http://www.w3.org/2000/svg"[39m
                    [36m>[39m
                      [36m<path[39m
                        [33md[39m=[32m"M20 10c0 4.993-5.539 10.193-7.399 11.799a1 1 0 0 1-1.202 0C9.539 20.193 4 14.993 4 10a8 8 0 0 1 16 0"[39m
                      [36m/>[39m
                      [36m<circle[39m
                        [33mcx[39m=[32m"12"[39m
                        [33mcy[39m=[32m"10"[39m
                        [33mr[39m=[32m"3"[39m
                      [36m/>[39m
                    [36m</svg>[39m
                    [36m<span>[39m
                      [0mमंडी चुनें[0m
                    [36m</span>[39m
                  [36m</button>[39m
                [36m</div>[39m
              [36m</div>[39m
            [36m</div>[39m
            [36m<div[39m
              [33mclass[39m=[32m"rounded-lg border bg-card text-card-foreground shadow-sm transition-all duration-300 hover:shadow-md mb-8"[39m
            [36m>[39m
              [36m<div[39m
                [33mclass[39m=[32m"flex flex-col space-y-1.5 p-6"[39m
              [36m>[39m
                [36m<h3[39m
                  [33mclass[39m=[32m"text-2xl leading-none tracking-tight text-card-foreground !text-slate-900 font-bold"[39m
                [36m>[39m
                  [0mआज के मंडी भाव[0m
                [36m</h3>[39m
              [36m</div>[39m
              [36m<div[39m
                [33mclass[39m=[32m"p-6 pt-0"[39m
              [36m>[39m
                [36m<div[39m
                 ...

    [0m [90m 50 |[39m     render([33m<[39m[33mMarketPrices[39m [33m/[39m[33m>[39m)
     [90m 51 |[39m     
    [31m[1m>[22m[39m[90m 52 |[39m     expect(screen[33m.[39mgetByText([32m'बाजार अंतर्दृष्टि'[39m))[33m.[39mtoBeInTheDocument()
     [90m    |[39m                   [31m[1m^[22m[39m
     [90m 53 |[39m     expect(screen[33m.[39mgetByText([32m'प्याज की कीमतों में तेजी'[39m))[33m.[39mtoBeInTheDocument()
     [90m 54 |[39m   })
     [90m 55 |[39m[0m

      at Object.getElementError (node_modules/@testing-library/dom/dist/config.js:37:19)
      at node_modules/@testing-library/dom/dist/query-helpers.js:76:38
      at node_modules/@testing-library/dom/dist/query-helpers.js:52:17
      at node_modules/@testing-library/dom/dist/query-helpers.js:95:19
      at Object.getByText (src/__tests__/pages/MarketPrices.test.tsx:52:19)

  ● Market Prices Page › displays price alerts section

    TestingLibraryElementError: Unable to find an element with the text: नया अलर्ट. This could be because the text is broken up by multiple elements. In this case, you can provide a function for your text matcher to make your matcher more flexible.

    Ignored nodes: comments, script, style
    [36m<body>[39m
      [36m<div>[39m
        [36m<div[39m
          [33mclass[39m=[32m"min-h-screen bg-gradient-to-br from-orange-50 to-yellow-50 py-8"[39m
        [36m>[39m
          [36m<div[39m
            [33mclass[39m=[32m"max-w-7xl mx-auto px-6 sm:px-8"[39m
          [36m>[39m
            [36m<div[39m
              [33mclass[39m=[32m"text-center mb-8"[39m
            [36m>[39m
              [36m<h1[39m
                [33mclass[39m=[32m"text-4xl font-bold !text-slate-900 mb-4"[39m
              [36m>[39m
                [0mबाजार भाव[0m
              [36m</h1>[39m
              [36m<p[39m
                [33mclass[39m=[32m"text-xl !text-slate-700 font-medium"[39m
              [36m>[39m
                [0mआज के ताजे मंडी भाव और मूल्य रुझान की जानकारी[0m
              [36m</p>[39m
            [36m</div>[39m
            [36m<div[39m
              [33mclass[39m=[32m"rounded-lg border bg-card text-card-foreground shadow-sm transition-all duration-300 hover:shadow-md mb-8"[39m
            [36m>[39m
              [36m<div[39m
                [33mclass[39m=[32m"p-6 py-6"[39m
              [36m>[39m
                [36m<div[39m
                  [33mclass[39m=[32m"flex flex-col sm:flex-row gap-4"[39m
                [36m>[39m
                  [36m<div[39m
                    [33mclass[39m=[32m"flex-1 relative"[39m
                  [36m>[39m
                    [36m<svg[39m
                      [33maria-hidden[39m=[32m"true"[39m
                      [33mclass[39m=[32m"lucide lucide-search absolute left-3 top-1/2 transform -translate-y-1/2 text-gray-400 h-5 w-5"[39m
                      [33mfill[39m=[32m"none"[39m
                      [33mheight[39m=[32m"24"[39m
                      [33mstroke[39m=[32m"currentColor"[39m
                      [33mstroke-linecap[39m=[32m"round"[39m
                      [33mstroke-linejoin[39m=[32m"round"[39m
                      [33mstroke-width[39m=[32m"2"[39m
                      [33mviewBox[39m=[32m"0 0 24 24"[39m
                      [33mwidth[39m=[32m"24"[39m
                      [33mxmlns[39m=[32m"http://www.w3.org/2000/svg"[39m
                    [36m>[39m
                      [36m<path[39m
                        [33md[39m=[32m"m21 21-4.34-4.34"[39m
                      [36m/>[39m
                      [36m<circle[39m
                        [33mcx[39m=[32m"11"[39m
                        [33mcy[39m=[32m"11"[39m
                        [33mr[39m=[32m"8"[39m
                      [36m/>[39m
                    [36m</svg>[39m
                    [36m<input[39m
                      [33mclass[39m=[32m"w-full pl-10 pr-4 py-2 border border-gray-300 rounded-md focus:ring-2 focus:ring-orange-500 focus:border-transparent !text-slate-900 placeholder-gray-500"[39m
                      [33mplaceholder[39m=[32m"फसल का नाम खोजें..."[39m
                      [33mtype[39m=[32m"text"[39m
                    [36m/>[39m
                  [36m</div>[39m
                  [36m<button[39m
                    [33mclass[39m=[32m"justify-center rounded-md font-medium transition-all duration-300 focus-visible:outline-none focus-visible:ring-2 focus-visible:ring-ring focus-visible:ring-offset-2 disabled:pointer-events-none disabled:opacity-50 border border-input bg-background shadow-sm hover:bg-accent hover:text-accent-foreground h-10 px-4 text-base flex items-center space-x-2"[39m
                  [36m>[39m
                    [36m<svg[39m
                      [33maria-hidden[39m=[32m"true"[39m
                      [33mclass[39m=[32m"lucide lucide-funnel h-4 w-4"[39m
                      [33mfill[39m=[32m"none"[39m
                      [33mheight[39m=[32m"24"[39m
                      [33mstroke[39m=[32m"currentColor"[39m
                      [33mstroke-linecap[39m=[32m"round"[39m
                      [33mstroke-linejoin[39m=[32m"round"[39m
                      [33mstroke-width[39m=[32m"2"[39m
                      [33mviewBox[39m=[32m"0 0 24 24"[39m
                      [33mwidth[39m=[32m"24"[39m
                      [33mxmlns[39m=[32m"http://www.w3.org/2000/svg"[39m
                    [36m>[39m
                      [36m<path[39m
                        [33md[39m=[32m"M10 20a1 1 0 0 0 .553.895l2 1A1 1 0 0 0 14 21v-7a2 2 0 0 1 .517-1.341L21.74 4.67A1 1 0 0 0 21 3H3a1 1 0 0 0-.742 1.67l7.225 7.989A2 2 0 0 1 10 14z"[39m
                      [36m/>[39m
                    [36m</svg>[39m
                    [36m<span>[39m
                      [0mफिल्टर[0m
                    [36m</span>[39m
                  [36m</button>[39m
                  [36m<button[39m
                    [33mclass[39m=[32m"justify-center rounded-md font-medium transition-all duration-300 focus-visible:outline-none focus-visible:ring-2 focus-visible:ring-ring focus-visible:ring-offset-2 disabled:pointer-events-none disabled:opacity-50 border border-input bg-background shadow-sm hover:bg-accent hover:text-accent-foreground h-10 px-4 text-base flex items-center space-x-2"[39m
                  [36m>[39m
                    [36m<svg[39m
                      [33maria-hidden[39m=[32m"true"[39m
                      [33mclass[39m=[32m"lucide lucide-map-pin h-4 w-4"[39m
                      [33mfill[39m=[32m"none"[39m
                      [33mheight[39m=[32m"24"[39m
                      [33mstroke[39m=[32m"currentColor"[39m
                      [33mstroke-linecap[39m=[32m"round"[39m
                      [33mstroke-linejoin[39m=[32m"round"[39m
                      [33mstroke-width[39m=[32m"2"[39m
                      [33mviewBox[39m=[32m"0 0 24 24"[39m
                      [33mwidth[39m=[32m"24"[39m
                      [33mxmlns[39m=[32m"http://www.w3.org/2000/svg"[39m
                    [36m>[39m
                      [36m<path[39m
                        [33md[39m=[32m"M20 10c0 4.993-5.539 10.193-7.399 11.799a1 1 0 0 1-1.202 0C9.539 20.193 4 14.993 4 10a8 8 0 0 1 16 0"[39m
                      [36m/>[39m
                      [36m<circle[39m
                        [33mcx[39m=[32m"12"[39m
                        [33mcy[39m=[32m"10"[39m
                        [33mr[39m=[32m"3"[39m
                      [36m/>[39m
                    [36m</svg>[39m
                    [36m<span>[39m
                      [0mमंडी चुनें[0m
                    [36m</span>[39m
                  [36m</button>[39m
                [36m</div>[39m
              [36m</div>[39m
            [36m</div>[39m
            [36m<div[39m
              [33mclass[39m=[32m"rounded-lg border bg-card text-card-foreground shadow-sm transition-all duration-300 hover:shadow-md mb-8"[39m
            [36m>[39m
              [36m<div[39m
                [33mclass[39m=[32m"flex flex-col space-y-1.5 p-6"[39m
              [36m>[39m
                [36m<h3[39m
                  [33mclass[39m=[32m"text-2xl leading-none tracking-tight text-card-foreground !text-slate-900 font-bold"[39m
                [36m>[39m
                  [0mआज के मंडी भाव[0m
                [36m</h3>[39m
              [36m</div>[39m
              [36m<div[39m
                [33mclass[39m=[32m"p-6 pt-0"[39m
              [36m>[39m
                [36m<div[39m
                 ...

    [0m [90m 65 |[39m     
     [90m 66 |[39m     expect(screen[33m.[39mgetByText([32m'मूल्य अलर्ट'[39m))[33m.[39mtoBeInTheDocument()
    [31m[1m>[22m[39m[90m 67 |[39m     expect(screen[33m.[39mgetByText([32m'नया अलर्ट'[39m))[33m.[39mtoBeInTheDocument()
     [90m    |[39m                   [31m[1m^[22m[39m
     [90m 68 |[39m   })
     [90m 69 |[39m
     [90m 70 |[39m   it([32m'handles search functionality'[39m[33m,[39m () [33m=>[39m {[0m

      at Object.getElementError (node_modules/@testing-library/dom/dist/config.js:37:19)
      at node_modules/@testing-library/dom/dist/query-helpers.js:76:38
      at node_modules/@testing-library/dom/dist/query-helpers.js:52:17
      at node_modules/@testing-library/dom/dist/query-helpers.js:95:19
      at Object.getByText (src/__tests__/pages/MarketPrices.test.tsx:67:19)

  ● Market Prices Page › handles view mode switching

    TestingLibraryElementError: Unable to find an element with the text: ग्रिड. This could be because the text is broken up by multiple elements. In this case, you can provide a function for your text matcher to make your matcher more flexible.

    Ignored nodes: comments, script, style
    [36m<body>[39m
      [36m<div>[39m
        [36m<div[39m
          [33mclass[39m=[32m"min-h-screen bg-gradient-to-br from-orange-50 to-yellow-50 py-8"[39m
        [36m>[39m
          [36m<div[39m
            [33mclass[39m=[32m"max-w-7xl mx-auto px-6 sm:px-8"[39m
          [36m>[39m
            [36m<div[39m
              [33mclass[39m=[32m"text-center mb-8"[39m
            [36m>[39m
              [36m<h1[39m
                [33mclass[39m=[32m"text-4xl font-bold !text-slate-900 mb-4"[39m
              [36m>[39m
                [0mबाजार भाव[0m
              [36m</h1>[39m
              [36m<p[39m
                [33mclass[39m=[32m"text-xl !text-slate-700 font-medium"[39m
              [36m>[39m
                [0mआज के ताजे मंडी भाव और मूल्य रुझान की जानकारी[0m
              [36m</p>[39m
            [36m</div>[39m
            [36m<div[39m
              [33mclass[39m=[32m"rounded-lg border bg-card text-card-foreground shadow-sm transition-all duration-300 hover:shadow-md mb-8"[39m
            [36m>[39m
              [36m<div[39m
                [33mclass[39m=[32m"p-6 py-6"[39m
              [36m>[39m
                [36m<div[39m
                  [33mclass[39m=[32m"flex flex-col sm:flex-row gap-4"[39m
                [36m>[39m
                  [36m<div[39m
                    [33mclass[39m=[32m"flex-1 relative"[39m
                  [36m>[39m
                    [36m<svg[39m
                      [33maria-hidden[39m=[32m"true"[39m
                      [33mclass[39m=[32m"lucide lucide-search absolute left-3 top-1/2 transform -translate-y-1/2 text-gray-400 h-5 w-5"[39m
                      [33mfill[39m=[32m"none"[39m
                      [33mheight[39m=[32m"24"[39m
                      [33mstroke[39m=[32m"currentColor"[39m
                      [33mstroke-linecap[39m=[32m"round"[39m
                      [33mstroke-linejoin[39m=[32m"round"[39m
                      [33mstroke-width[39m=[32m"2"[39m
                      [33mviewBox[39m=[32m"0 0 24 24"[39m
                      [33mwidth[39m=[32m"24"[39m
                      [33mxmlns[39m=[32m"http://www.w3.org/2000/svg"[39m
                    [36m>[39m
                      [36m<path[39m
                        [33md[39m=[32m"m21 21-4.34-4.34"[39m
                      [36m/>[39m
                      [36m<circle[39m
                        [33mcx[39m=[32m"11"[39m
                        [33mcy[39m=[32m"11"[39m
                        [33mr[39m=[32m"8"[39m
                      [36m/>[39m
                    [36m</svg>[39m
                    [36m<input[39m
                      [33mclass[39m=[32m"w-full pl-10 pr-4 py-2 border border-gray-300 rounded-md focus:ring-2 focus:ring-orange-500 focus:border-transparent !text-slate-900 placeholder-gray-500"[39m
                      [33mplaceholder[39m=[32m"फसल का नाम खोजें..."[39m
                      [33mtype[39m=[32m"text"[39m
                    [36m/>[39m
                  [36m</div>[39m
                  [36m<button[39m
                    [33mclass[39m=[32m"justify-center rounded-md font-medium transition-all duration-300 focus-visible:outline-none focus-visible:ring-2 focus-visible:ring-ring focus-visible:ring-offset-2 disabled:pointer-events-none disabled:opacity-50 border border-input bg-background shadow-sm hover:bg-accent hover:text-accent-foreground h-10 px-4 text-base flex items-center space-x-2"[39m
                  [36m>[39m
                    [36m<svg[39m
                      [33maria-hidden[39m=[32m"true"[39m
                      [33mclass[39m=[32m"lucide lucide-funnel h-4 w-4"[39m
                      [33mfill[39m=[32m"none"[39m
                      [33mheight[39m=[32m"24"[39m
                      [33mstroke[39m=[32m"currentColor"[39m
                      [33mstroke-linecap[39m=[32m"round"[39m
                      [33mstroke-linejoin[39m=[32m"round"[39m
                      [33mstroke-width[39m=[32m"2"[39m
                      [33mviewBox[39m=[32m"0 0 24 24"[39m
                      [33mwidth[39m=[32m"24"[39m
                      [33mxmlns[39m=[32m"http://www.w3.org/2000/svg"[39m
                    [36m>[39m
                      [36m<path[39m
                        [33md[39m=[32m"M10 20a1 1 0 0 0 .553.895l2 1A1 1 0 0 0 14 21v-7a2 2 0 0 1 .517-1.341L21.74 4.67A1 1 0 0 0 21 3H3a1 1 0 0 0-.742 1.67l7.225 7.989A2 2 0 0 1 10 14z"[39m
                      [36m/>[39m
                    [36m</svg>[39m
                    [36m<span>[39m
                      [0mफिल्टर[0m
                    [36m</span>[39m
                  [36m</button>[39m
                  [36m<button[39m
                    [33mclass[39m=[32m"justify-center rounded-md font-medium transition-all duration-300 focus-visible:outline-none focus-visible:ring-2 focus-visible:ring-ring focus-visible:ring-offset-2 disabled:pointer-events-none disabled:opacity-50 border border-input bg-background shadow-sm hover:bg-accent hover:text-accent-foreground h-10 px-4 text-base flex items-center space-x-2"[39m
                  [36m>[39m
                    [36m<svg[39m
                      [33maria-hidden[39m=[32m"true"[39m
                      [33mclass[39m=[32m"lucide lucide-map-pin h-4 w-4"[39m
                      [33mfill[39m=[32m"none"[39m
                      [33mheight[39m=[32m"24"[39m
                      [33mstroke[39m=[32m"currentColor"[39m
                      [33mstroke-linecap[39m=[32m"round"[39m
                      [33mstroke-linejoin[39m=[32m"round"[39m
                      [33mstroke-width[39m=[32m"2"[39m
                      [33mviewBox[39m=[32m"0 0 24 24"[39m
                      [33mwidth[39m=[32m"24"[39m
                      [33mxmlns[39m=[32m"http://www.w3.org/2000/svg"[39m
                    [36m>[39m
                      [36m<path[39m
                        [33md[39m=[32m"M20 10c0 4.993-5.539 10.193-7.399 11.799a1 1 0 0 1-1.202 0C9.539 20.193 4 14.993 4 10a8 8 0 0 1 16 0"[39m
                      [36m/>[39m
                      [36m<circle[39m
                        [33mcx[39m=[32m"12"[39m
                        [33mcy[39m=[32m"10"[39m
                        [33mr[39m=[32m"3"[39m
                      [36m/>[39m
                    [36m</svg>[39m
                    [36m<span>[39m
                      [0mमंडी चुनें[0m
                    [36m</span>[39m
                  [36m</button>[39m
                [36m</div>[39m
              [36m</div>[39m
            [36m</div>[39m
            [36m<div[39m
              [33mclass[39m=[32m"rounded-lg border bg-card text-card-foreground shadow-sm transition-all duration-300 hover:shadow-md mb-8"[39m
            [36m>[39m
              [36m<div[39m
                [33mclass[39m=[32m"flex flex-col space-y-1.5 p-6"[39m
              [36m>[39m
                [36m<h3[39m
                  [33mclass[39m=[32m"text-2xl leading-none tracking-tight text-card-foreground !text-slate-900 font-bold"[39m
                [36m>[39m
                  [0mआज के मंडी भाव[0m
                [36m</h3>[39m
              [36m</div>[39m
              [36m<div[39m
                [33mclass[39m=[32m"p-6 pt-0"[39m
              [36m>[39m
                [36m<div[39m
                 ...

    [0m [90m 79 |[39m     render([33m<[39m[33mMarketPrices[39m [33m/[39m[33m>[39m)
     [90m 80 |[39m     
    [31m[1m>[22m[39m[90m 81 |[39m     [36mconst[39m gridButton [33m=[39m screen[33m.[39mgetByText([32m'ग्रिड'[39m)
     [90m    |[39m                               [31m[1m^[22m[39m
     [90m 82 |[39m     [36mconst[39m listButton [33m=[39m screen[33m.[39mgetByText([32m'लिस्ट'[39m)
     [90m 83 |[39m     
     [90m 84 |[39m     expect(gridButton)[33m.[39mtoBeInTheDocument()[0m

      at Object.getElementError (node_modules/@testing-library/dom/dist/config.js:37:19)
      at node_modules/@testing-library/dom/dist/query-helpers.js:76:38
      at node_modules/@testing-library/dom/dist/query-helpers.js:52:17
      at node_modules/@testing-library/dom/dist/query-helpers.js:95:19
      at Object.getByText (src/__tests__/pages/MarketPrices.test.tsx:81:31)

  ● Market Prices Page › displays refresh functionality

    TestingLibraryElementError: Unable to find an element with the text: रिफ्रेश करें. This could be because the text is broken up by multiple elements. In this case, you can provide a function for your text matcher to make your matcher more flexible.

    Ignored nodes: comments, script, style
    [36m<body>[39m
      [36m<div>[39m
        [36m<div[39m
          [33mclass[39m=[32m"min-h-screen bg-gradient-to-br from-orange-50 to-yellow-50 py-8"[39m
        [36m>[39m
          [36m<div[39m
            [33mclass[39m=[32m"max-w-7xl mx-auto px-6 sm:px-8"[39m
          [36m>[39m
            [36m<div[39m
              [33mclass[39m=[32m"text-center mb-8"[39m
            [36m>[39m
              [36m<h1[39m
                [33mclass[39m=[32m"text-4xl font-bold !text-slate-900 mb-4"[39m
              [36m>[39m
                [0mबाजार भाव[0m
              [36m</h1>[39m
              [36m<p[39m
                [33mclass[39m=[32m"text-xl !text-slate-700 font-medium"[39m
              [36m>[39m
                [0mआज के ताजे मंडी भाव और मूल्य रुझान की जानकारी[0m
              [36m</p>[39m
            [36m</div>[39m
            [36m<div[39m
              [33mclass[39m=[32m"rounded-lg border bg-card text-card-foreground shadow-sm transition-all duration-300 hover:shadow-md mb-8"[39m
            [36m>[39m
              [36m<div[39m
                [33mclass[39m=[32m"p-6 py-6"[39m
              [36m>[39m
                [36m<div[39m
                  [33mclass[39m=[32m"flex flex-col sm:flex-row gap-4"[39m
                [36m>[39m
                  [36m<div[39m
                    [33mclass[39m=[32m"flex-1 relative"[39m
                  [36m>[39m
                    [36m<svg[39m
                      [33maria-hidden[39m=[32m"true"[39m
                      [33mclass[39m=[32m"lucide lucide-search absolute left-3 top-1/2 transform -translate-y-1/2 text-gray-400 h-5 w-5"[39m
                      [33mfill[39m=[32m"none"[39m
                      [33mheight[39m=[32m"24"[39m
                      [33mstroke[39m=[32m"currentColor"[39m
                      [33mstroke-linecap[39m=[32m"round"[39m
                      [33mstroke-linejoin[39m=[32m"round"[39m
                      [33mstroke-width[39m=[32m"2"[39m
                      [33mviewBox[39m=[32m"0 0 24 24"[39m
                      [33mwidth[39m=[32m"24"[39m
                      [33mxmlns[39m=[32m"http://www.w3.org/2000/svg"[39m
                    [36m>[39m
                      [36m<path[39m
                        [33md[39m=[32m"m21 21-4.34-4.34"[39m
                      [36m/>[39m
                      [36m<circle[39m
                        [33mcx[39m=[32m"11"[39m
                        [33mcy[39m=[32m"11"[39m
                        [33mr[39m=[32m"8"[39m
                      [36m/>[39m
                    [36m</svg>[39m
                    [36m<input[39m
                      [33mclass[39m=[32m"w-full pl-10 pr-4 py-2 border border-gray-300 rounded-md focus:ring-2 focus:ring-orange-500 focus:border-transparent !text-slate-900 placeholder-gray-500"[39m
                      [33mplaceholder[39m=[32m"फसल का नाम खोजें..."[39m
                      [33mtype[39m=[32m"text"[39m
                    [36m/>[39m
                  [36m</div>[39m
                  [36m<button[39m
                    [33mclass[39m=[32m"justify-center rounded-md font-medium transition-all duration-300 focus-visible:outline-none focus-visible:ring-2 focus-visible:ring-ring focus-visible:ring-offset-2 disabled:pointer-events-none disabled:opacity-50 border border-input bg-background shadow-sm hover:bg-accent hover:text-accent-foreground h-10 px-4 text-base flex items-center space-x-2"[39m
                  [36m>[39m
                    [36m<svg[39m
                      [33maria-hidden[39m=[32m"true"[39m
                      [33mclass[39m=[32m"lucide lucide-funnel h-4 w-4"[39m
                      [33mfill[39m=[32m"none"[39m
                      [33mheight[39m=[32m"24"[39m
                      [33mstroke[39m=[32m"currentColor"[39m
                      [33mstroke-linecap[39m=[32m"round"[39m
                      [33mstroke-linejoin[39m=[32m"round"[39m
                      [33mstroke-width[39m=[32m"2"[39m
                      [33mviewBox[39m=[32m"0 0 24 24"[39m
                      [33mwidth[39m=[32m"24"[39m
                      [33mxmlns[39m=[32m"http://www.w3.org/2000/svg"[39m
                    [36m>[39m
                      [36m<path[39m
                        [33md[39m=[32m"M10 20a1 1 0 0 0 .553.895l2 1A1 1 0 0 0 14 21v-7a2 2 0 0 1 .517-1.341L21.74 4.67A1 1 0 0 0 21 3H3a1 1 0 0 0-.742 1.67l7.225 7.989A2 2 0 0 1 10 14z"[39m
                      [36m/>[39m
                    [36m</svg>[39m
                    [36m<span>[39m
                      [0mफिल्टर[0m
                    [36m</span>[39m
                  [36m</button>[39m
                  [36m<button[39m
                    [33mclass[39m=[32m"justify-center rounded-md font-medium transition-all duration-300 focus-visible:outline-none focus-visible:ring-2 focus-visible:ring-ring focus-visible:ring-offset-2 disabled:pointer-events-none disabled:opacity-50 border border-input bg-background shadow-sm hover:bg-accent hover:text-accent-foreground h-10 px-4 text-base flex items-center space-x-2"[39m
                  [36m>[39m
                    [36m<svg[39m
                      [33maria-hidden[39m=[32m"true"[39m
                      [33mclass[39m=[32m"lucide lucide-map-pin h-4 w-4"[39m
                      [33mfill[39m=[32m"none"[39m
                      [33mheight[39m=[32m"24"[39m
                      [33mstroke[39m=[32m"currentColor"[39m
                      [33mstroke-linecap[39m=[32m"round"[39m
                      [33mstroke-linejoin[39m=[32m"round"[39m
                      [33mstroke-width[39m=[32m"2"[39m
                      [33mviewBox[39m=[32m"0 0 24 24"[39m
                      [33mwidth[39m=[32m"24"[39m
                      [33mxmlns[39m=[32m"http://www.w3.org/2000/svg"[39m
                    [36m>[39m
                      [36m<path[39m
                        [33md[39m=[32m"M20 10c0 4.993-5.539 10.193-7.399 11.799a1 1 0 0 1-1.202 0C9.539 20.193 4 14.993 4 10a8 8 0 0 1 16 0"[39m
                      [36m/>[39m
                      [36m<circle[39m
                        [33mcx[39m=[32m"12"[39m
                        [33mcy[39m=[32m"10"[39m
                        [33mr[39m=[32m"3"[39m
                      [36m/>[39m
                    [36m</svg>[39m
                    [36m<span>[39m
                      [0mमंडी चुनें[0m
                    [36m</span>[39m
                  [36m</button>[39m
                [36m</div>[39m
              [36m</div>[39m
            [36m</div>[39m
            [36m<div[39m
              [33mclass[39m=[32m"rounded-lg border bg-card text-card-foreground shadow-sm transition-all duration-300 hover:shadow-md mb-8"[39m
            [36m>[39m
              [36m<div[39m
                [33mclass[39m=[32m"flex flex-col space-y-1.5 p-6"[39m
              [36m>[39m
                [36m<h3[39m
                  [33mclass[39m=[32m"text-2xl leading-none tracking-tight text-card-foreground !text-slate-900 font-bold"[39m
                [36m>[39m
                  [0mआज के मंडी भाव[0m
                [36m</h3>[39m
              [36m</div>[39m
              [36m<div[39m
                [33mclass[39m=[32m"p-6 pt-0"[39m
              [36m>[39m
                [36m<div[39m
                 ...

    [0m [90m 92 |[39m     render([33m<[39m[33mMarketPrices[39m [33m/[39m[33m>[39m)
     [90m 93 |[39m     
    [31m[1m>[22m[39m[90m 94 |[39m     [36mconst[39m refreshButton [33m=[39m screen[33m.[39mgetByText([32m'रिफ्रेश करें'[39m)
     [90m    |[39m                                  [31m[1m^[22m[39m
     [90m 95 |[39m     expect(refreshButton)[33m.[39mtoBeInTheDocument()
     [90m 96 |[39m     
     [90m 97 |[39m     fireEvent[33m.[39mclick(refreshButton)[0m

      at Object.getElementError (node_modules/@testing-library/dom/dist/config.js:37:19)
      at node_modules/@testing-library/dom/dist/query-helpers.js:76:38
      at node_modules/@testing-library/dom/dist/query-helpers.js:52:17
      at node_modules/@testing-library/dom/dist/query-helpers.js:95:19
      at Object.getByText (src/__tests__/pages/MarketPrices.test.tsx:94:34)

  ● Market Prices Page › shows disclaimer information

    TestingLibraryElementError: Unable to find an element with the text: महत्वपूर्ण जानकारी. This could be because the text is broken up by multiple elements. In this case, you can provide a function for your text matcher to make your matcher more flexible.

    Ignored nodes: comments, script, style
    [36m<body>[39m
      [36m<div>[39m
        [36m<div[39m
          [33mclass[39m=[32m"min-h-screen bg-gradient-to-br from-orange-50 to-yellow-50 py-8"[39m
        [36m>[39m
          [36m<div[39m
            [33mclass[39m=[32m"max-w-7xl mx-auto px-6 sm:px-8"[39m
          [36m>[39m
            [36m<div[39m
              [33mclass[39m=[32m"text-center mb-8"[39m
            [36m>[39m
              [36m<h1[39m
                [33mclass[39m=[32m"text-4xl font-bold !text-slate-900 mb-4"[39m
              [36m>[39m
                [0mबाजार भाव[0m
              [36m</h1>[39m
              [36m<p[39m
                [33mclass[39m=[32m"text-xl !text-slate-700 font-medium"[39m
              [36m>[39m
                [0mआज के ताजे मंडी भाव और मूल्य रुझान की जानकारी[0m
              [36m</p>[39m
            [36m</div>[39m
            [36m<div[39m
              [33mclass[39m=[32m"rounded-lg border bg-card text-card-foreground shadow-sm transition-all duration-300 hover:shadow-md mb-8"[39m
            [36m>[39m
              [36m<div[39m
                [33mclass[39m=[32m"p-6 py-6"[39m
              [36m>[39m
                [36m<div[39m
                  [33mclass[39m=[32m"flex flex-col sm:flex-row gap-4"[39m
                [36m>[39m
                  [36m<div[39m
                    [33mclass[39m=[32m"flex-1 relative"[39m
                  [36m>[39m
                    [36m<svg[39m
                      [33maria-hidden[39m=[32m"true"[39m
                      [33mclass[39m=[32m"lucide lucide-search absolute left-3 top-1/2 transform -translate-y-1/2 text-gray-400 h-5 w-5"[39m
                      [33mfill[39m=[32m"none"[39m
                      [33mheight[39m=[32m"24"[39m
                      [33mstroke[39m=[32m"currentColor"[39m
                      [33mstroke-linecap[39m=[32m"round"[39m
                      [33mstroke-linejoin[39m=[32m"round"[39m
                      [33mstroke-width[39m=[32m"2"[39m
                      [33mviewBox[39m=[32m"0 0 24 24"[39m
                      [33mwidth[39m=[32m"24"[39m
                      [33mxmlns[39m=[32m"http://www.w3.org/2000/svg"[39m
                    [36m>[39m
                      [36m<path[39m
                        [33md[39m=[32m"m21 21-4.34-4.34"[39m
                      [36m/>[39m
                      [36m<circle[39m
                        [33mcx[39m=[32m"11"[39m
                        [33mcy[39m=[32m"11"[39m
                        [33mr[39m=[32m"8"[39m
                      [36m/>[39m
                    [36m</svg>[39m
                    [36m<input[39m
                      [33mclass[39m=[32m"w-full pl-10 pr-4 py-2 border border-gray-300 rounded-md focus:ring-2 focus:ring-orange-500 focus:border-transparent !text-slate-900 placeholder-gray-500"[39m
                      [33mplaceholder[39m=[32m"फसल का नाम खोजें..."[39m
                      [33mtype[39m=[32m"text"[39m
                    [36m/>[39m
                  [36m</div>[39m
                  [36m<button[39m
                    [33mclass[39m=[32m"justify-center rounded-md font-medium transition-all duration-300 focus-visible:outline-none focus-visible:ring-2 focus-visible:ring-ring focus-visible:ring-offset-2 disabled:pointer-events-none disabled:opacity-50 border border-input bg-background shadow-sm hover:bg-accent hover:text-accent-foreground h-10 px-4 text-base flex items-center space-x-2"[39m
                  [36m>[39m
                    [36m<svg[39m
                      [33maria-hidden[39m=[32m"true"[39m
                      [33mclass[39m=[32m"lucide lucide-funnel h-4 w-4"[39m
                      [33mfill[39m=[32m"none"[39m
                      [33mheight[39m=[32m"24"[39m
                      [33mstroke[39m=[32m"currentColor"[39m
                      [33mstroke-linecap[39m=[32m"round"[39m
                      [33mstroke-linejoin[39m=[32m"round"[39m
                      [33mstroke-width[39m=[32m"2"[39m
                      [33mviewBox[39m=[32m"0 0 24 24"[39m
                      [33mwidth[39m=[32m"24"[39m
                      [33mxmlns[39m=[32m"http://www.w3.org/2000/svg"[39m
                    [36m>[39m
                      [36m<path[39m
                        [33md[39m=[32m"M10 20a1 1 0 0 0 .553.895l2 1A1 1 0 0 0 14 21v-7a2 2 0 0 1 .517-1.341L21.74 4.67A1 1 0 0 0 21 3H3a1 1 0 0 0-.742 1.67l7.225 7.989A2 2 0 0 1 10 14z"[39m
                      [36m/>[39m
                    [36m</svg>[39m
                    [36m<span>[39m
                      [0mफिल्टर[0m
                    [36m</span>[39m
                  [36m</button>[39m
                  [36m<button[39m
                    [33mclass[39m=[32m"justify-center rounded-md font-medium transition-all duration-300 focus-visible:outline-none focus-visible:ring-2 focus-visible:ring-ring focus-visible:ring-offset-2 disabled:pointer-events-none disabled:opacity-50 border border-input bg-background shadow-sm hover:bg-accent hover:text-accent-foreground h-10 px-4 text-base flex items-center space-x-2"[39m
                  [36m>[39m
                    [36m<svg[39m
                      [33maria-hidden[39m=[32m"true"[39m
                      [33mclass[39m=[32m"lucide lucide-map-pin h-4 w-4"[39m
                      [33mfill[39m=[32m"none"[39m
                      [33mheight[39m=[32m"24"[39m
                      [33mstroke[39m=[32m"currentColor"[39m
                      [33mstroke-linecap[39m=[32m"round"[39m
                      [33mstroke-linejoin[39m=[32m"round"[39m
                      [33mstroke-width[39m=[32m"2"[39m
                      [33mviewBox[39m=[32m"0 0 24 24"[39m
                      [33mwidth[39m=[32m"24"[39m
                      [33mxmlns[39m=[32m"http://www.w3.org/2000/svg"[39m
                    [36m>[39m
                      [36m<path[39m
                        [33md[39m=[32m"M20 10c0 4.993-5.539 10.193-7.399 11.799a1 1 0 0 1-1.202 0C9.539 20.193 4 14.993 4 10a8 8 0 0 1 16 0"[39m
                      [36m/>[39m
                      [36m<circle[39m
                        [33mcx[39m=[32m"12"[39m
                        [33mcy[39m=[32m"10"[39m
                        [33mr[39m=[32m"3"[39m
                      [36m/>[39m
                    [36m</svg>[39m
                    [36m<span>[39m
                      [0mमंडी चुनें[0m
                    [36m</span>[39m
                  [36m</button>[39m
                [36m</div>[39m
              [36m</div>[39m
            [36m</div>[39m
            [36m<div[39m
              [33mclass[39m=[32m"rounded-lg border bg-card text-card-foreground shadow-sm transition-all duration-300 hover:shadow-md mb-8"[39m
            [36m>[39m
              [36m<div[39m
                [33mclass[39m=[32m"flex flex-col space-y-1.5 p-6"[39m
              [36m>[39m
                [36m<h3[39m
                  [33mclass[39m=[32m"text-2xl leading-none tracking-tight text-card-foreground !text-slate-900 font-bold"[39m
                [36m>[39m
                  [0mआज के मंडी भाव[0m
                [36m</h3>[39m
              [36m</div>[39m
              [36m<div[39m
                [33mclass[39m=[32m"p-6 pt-0"[39m
              [36m>[39m
                [36m<div[39m
                 ...

    [0m [90m 102 |[39m     render([33m<[39m[33mMarketPrices[39m [33m/[39m[33m>[39m)
     [90m 103 |[39m     
    [31m[1m>[22m[39m[90m 104 |[39m     expect(screen[33m.[39mgetByText([32m'महत्वपूर्ण जानकारी'[39m))[33m.[39mtoBeInTheDocument()
     [90m     |[39m                   [31m[1m^[22m[39m
     [90m 105 |[39m     expect(screen[33m.[39mgetByText([35m/APMC और अन्य स्रोतों से प्राप्त/[39m))[33m.[39mtoBeInTheDocument()
     [90m 106 |[39m   })
     [90m 107 |[39m })[0m

      at Object.getElementError (node_modules/@testing-library/dom/dist/config.js:37:19)
      at node_modules/@testing-library/dom/dist/query-helpers.js:76:38
      at node_modules/@testing-library/dom/dist/query-helpers.js:52:17
      at node_modules/@testing-library/dom/dist/query-helpers.js:95:19
      at Object.getByText (src/__tests__/pages/MarketPrices.test.tsx:104:19)

PASS src/__tests__/pages/EligibilityChecker.test.tsx
PASS src/__tests__/pages/Schemes.test.tsx
---------------------------------|---------|----------|---------|---------|---------------------------------------------------------------------
File                             | % Stmts | % Branch | % Funcs | % Lines | Uncovered Line #s                                                   
---------------------------------|---------|----------|---------|---------|---------------------------------------------------------------------
All files                        |   43.31 |    34.61 |   39.62 |   45.59 |                                                                     
 app                             |       0 |      100 |       0 |       0 |                                                                     
  homepage.tsx                   |       0 |      100 |       0 |       0 | 1-4                                                                 
  page.tsx                       |       0 |      100 |       0 |       0 | 1-4                                                                 
 app/crop-analysis               |   47.05 |    30.76 |   26.66 |   48.48 |                                                                     
  page.tsx                       |   47.05 |    30.76 |   26.66 |   48.48 | 27-65,72-73,90-95,106-115,120-122,126,136-141,146-279               
 app/kcc-application             |     100 |      100 |     100 |     100 |                                                                     
  page.tsx                       |     100 |      100 |     100 |     100 |                                                                     
 app/market-prices               |     100 |      100 |     100 |     100 |                                                                     
  page.tsx                       |     100 |      100 |     100 |     100 |                                                                     
 app/schemes                     |   97.72 |    96.29 |   95.23 |   97.67 |                                                                     
  page.tsx                       |   97.72 |    96.29 |   95.23 |   97.67 | 220                                                                 
 app/schemes/[id]                |       0 |        0 |       0 |       0 |                                                                     
  page.tsx                       |       0 |        0 |       0 |       0 | 2-97                                                                
 app/schemes/eligibility-checker |    92.5 |    85.71 |      85 |   91.66 |                                                                     
  page.tsx                       |    92.5 |    85.71 |      85 |   91.66 | 182-261                                                             
 app/voice-assistant             |      38 |     28.2 |   11.76 |   40.42 |                                                                     
  page.tsx                       |      38 |     28.2 |   11.76 |   40.42 | 49-77,85-86,91-93,98-101,106-293                                    
 app/weather                     |   18.75 |     3.75 |   17.85 |   18.54 |                                                                     
  page.tsx                       |    37.5 |      7.5 |   35.71 |   37.09 | 59-103,108-177,184-191,200-208,215,358-392                          
  page_new.tsx                   |       0 |        0 |       0 |       0 | 3-390                                                               
 components                      |   34.78 |    17.64 |   21.42 |   35.63 |                                                                     
  FeatureCards.tsx               |       0 |      100 |       0 |       0 | 1-89                                                                
  HeroBanner.tsx                 |   52.38 |       50 |   18.18 |    64.7 | 13-17,21,25,86                                                      
  theme-provider.tsx             |   33.33 |     9.09 |   16.66 |   30.43 | 20,25-57,72                                                         
  theme-toggle.tsx               |   33.33 |    11.76 |   33.33 |   33.33 | 8-52,84-89                                                          
 components/layout               |      85 |       50 |      70 |      85 |                                                                     
  Footer.tsx                     |     100 |      100 |     100 |     100 |                                                                     
  Header.tsx                     |   76.92 |       50 |      50 |   76.92 | 55,89-93                                                            
 components/ui                   |   94.73 |      100 |     100 |     100 |                                                                     
  button.tsx                     |     100 |      100 |     100 |     100 |                                                                     
  card.tsx                       |   92.85 |      100 |     100 |     100 |                                                                     
 data                            |   21.31 |    19.56 |    9.09 |   26.11 |                                                                     
  farmingKnowledge.ts            |    8.69 |        0 |       0 |   11.11 | 84-108,115-117                                                      
  governmentSchemes.ts           |      75 |      100 |     100 |     100 |                                                                     
  marketData.ts                  |       0 |        0 |       0 |       0 | 49-258                                                              
  schemeApplications.ts          |      50 |       40 |   33.33 |   53.44 | 199,219-220,227-228,231-232,239-240,251-255,281,285,289-301,306-318 
 hooks                           |   53.27 |    47.27 |      45 |   52.94 |                                                                     
  useSpeechRecognition.ts        |    59.7 |    46.42 |      60 |      60 | 78-79,83-118,123-125,129-132,150,157                                
  useSpeechSynthesis.ts          |   45.45 |    48.14 |      30 |   44.44 | 46,53-54,61-96,103-104,109-110                                      
 lib                             |     100 |      100 |     100 |     100 |                                                                     
  utils.ts                       |     100 |      100 |     100 |     100 |                                                                     
---------------------------------|---------|----------|---------|---------|---------------------------------------------------------------------
Jest: "global" coverage threshold for branches (40%) not met: 34.61%
Jest: "global" coverage threshold for functions (40%) not met: 39.62%

Test Suites: 8 failed, 5 passed, 13 total
Tests:       34 failed, 63 passed, 97 total
Snapshots:   0 total
Time:        7.649 s
Ran all test suites.
